2026-06-22 17:59:54,000 INFO Monitor loop started
2026-06-22 17:59:54,247 INFO TICK: TSLA $407.74 | HWM $407.74 | Stop $343.09 | Trailing: False
2026-06-22 18:00:54,461 INFO TICK: TSLA $407.73 | HWM $407.74 | Stop $343.09 | Trailing: False
2026-06-22 18:01:54,715 INFO TICK: TSLA $407.24 | HWM $407.74 | Stop $343.09 | Trailing: False
2026-06-22 18:02:54,986 INFO TICK: TSLA $407.54 | HWM $407.74 | Stop $343.09 | Trailing: False
2026-06-22 18:03:55,160 INFO TICK: TSLA $407.10 | HWM $407.74 | Stop $343.09 | Trailing: False
2026-06-22 18:04:55,331 INFO TICK: TSLA $407.31 | HWM $407.74 | Stop $343.09 | Trailing: False
2026-06-22 18:05:55,526 INFO TICK: TSLA $407.27 | HWM $407.74 | Stop $343.09 | Trailing: False
2026-06-22 18:06:55,711 INFO TICK: TSLA $407.48 | HWM $407.74 | Stop $343.09 | Trailing: False
2026-06-22 18:07:55,887 INFO TICK: TSLA $407.33 | HWM $407.74 | Stop $343.09 | Trailing: False
2026-06-22 18:08:56,426 INFO TICK: TSLA $407.32 | HWM $407.74 | Stop $343.09 | Trailing: False
2026-06-22 18:09:56,593 INFO TICK: TSLA $407.22 | HWM $407.74 | Stop $343.09 | Trailing: False
2026-06-22 18:10:56,782 INFO TICK: TSLA $407.82 | HWM $407.82 | Stop $343.09 | Trailing: False
2026-06-22 18:11:57,332 INFO TICK: TSLA $407.66 | HWM $407.82 | Stop $343.09 | Trailing: False
2026-06-22 18:12:57,498 INFO TICK: TSLA $407.80 | HWM $407.82 | Stop $343.09 | Trailing: False
2026-06-22 18:13:57,660 INFO TICK: TSLA $408.00 | HWM $408.00 | Stop $343.09 | Trailing: False
2026-06-22 18:14:57,975 INFO TICK: TSLA $408.10 | HWM $408.10 | Stop $343.09 | Trailing: False
2026-06-22 18:15:58,316 INFO TICK: TSLA $408.35 | HWM $408.35 | Stop $343.09 | Trailing: False
2026-06-22 18:16:59,078 INFO TICK: TSLA $408.15 | HWM $408.35 | Stop $343.09 | Trailing: False
2026-06-22 18:17:59,593 INFO TICK: TSLA $408.19 | HWM $408.35 | Stop $343.09 | Trailing: False
2026-06-22 18:18:59,900 INFO TICK: TSLA $408.18 | HWM $408.35 | Stop $343.09 | Trailing: False
2026-06-22 18:20:00,149 INFO TICK: TSLA $408.11 | HWM $408.35 | Stop $343.09 | Trailing: False
2026-06-22 18:21:00,519 INFO TICK: TSLA $408.42 | HWM $408.42 | Stop $343.09 | Trailing: False
2026-06-22 18:22:00,790 INFO TICK: TSLA $408.09 | HWM $408.42 | Stop $343.09 | Trailing: False
2026-06-22 18:23:01,114 INFO TICK: TSLA $408.29 | HWM $408.42 | Stop $343.09 | Trailing: False
2026-06-22 18:24:01,360 INFO TICK: TSLA $408.19 | HWM $408.42 | Stop $343.09 | Trailing: False
2026-06-22 18:25:01,894 INFO TICK: TSLA $408.12 | HWM $408.42 | Stop $343.09 | Trailing: False
2026-06-22 18:26:02,098 INFO TICK: TSLA $407.63 | HWM $408.42 | Stop $343.09 | Trailing: False
2026-06-22 18:27:02,276 INFO TICK: TSLA $407.28 | HWM $408.42 | Stop $343.09 | Trailing: False
2026-06-22 18:28:02,860 INFO TICK: TSLA $407.27 | HWM $408.42 | Stop $343.09 | Trailing: False
2026-06-22 18:29:03,053 INFO TICK: TSLA $406.91 | HWM $408.42 | Stop $343.09 | Trailing: False
2026-06-22 18:30:04,049 INFO TICK: TSLA $407.02 | HWM $408.42 | Stop $343.09 | Trailing: False
2026-06-22 18:31:04,269 INFO TICK: TSLA $407.51 | HWM $408.42 | Stop $343.09 | Trailing: False
2026-06-22 18:32:04,644 INFO TICK: TSLA $407.86 | HWM $408.42 | Stop $343.09 | Trailing: False
2026-06-22 18:33:05,334 INFO TICK: TSLA $407.84 | HWM $408.42 | Stop $343.09 | Trailing: False
2026-06-22 18:34:05,577 INFO TICK: TSLA $407.61 | HWM $408.42 | Stop $343.09 | Trailing: False
2026-06-22 18:35:05,960 INFO TICK: TSLA $407.49 | HWM $408.42 | Stop $343.09 | Trailing: False
2026-06-22 18:36:06,160 INFO TICK: TSLA $407.47 | HWM $408.42 | Stop $343.09 | Trailing: False
2026-06-22 18:37:06,532 INFO TICK: TSLA $407.62 | HWM $408.42 | Stop $343.09 | Trailing: False
2026-06-22 18:38:06,773 INFO TICK: TSLA $407.43 | HWM $408.42 | Stop $343.09 | Trailing: False
2026-06-22 18:39:06,935 INFO TICK: TSLA $407.29 | HWM $408.42 | Stop $343.09 | Trailing: False
2026-06-22 18:40:07,117 INFO TICK: TSLA $407.31 | HWM $408.42 | Stop $343.09 | Trailing: False
2026-06-22 18:41:07,329 INFO TICK: TSLA $407.08 | HWM $408.42 | Stop $343.09 | Trailing: False
2026-06-22 18:42:07,492 INFO TICK: TSLA $407.10 | HWM $408.42 | Stop $343.09 | Trailing: False
2026-06-22 18:43:07,855 INFO TICK: TSLA $407.01 | HWM $408.42 | Stop $343.09 | Trailing: False
2026-06-22 18:44:08,185 INFO TICK: TSLA $406.59 | HWM $408.42 | Stop $343.09 | Trailing: False
2026-06-22 18:45:08,363 INFO TICK: TSLA $406.60 | HWM $408.42 | Stop $343.09 | Trailing: False
2026-06-22 18:46:08,560 INFO TICK: TSLA $406.57 | HWM $408.42 | Stop $343.09 | Trailing: False
2026-06-22 18:47:08,787 INFO TICK: TSLA $406.55 | HWM $408.42 | Stop $343.09 | Trailing: False
2026-06-22 18:48:08,992 INFO TICK: TSLA $406.72 | HWM $408.42 | Stop $343.09 | Trailing: False
2026-06-22 18:49:09,151 INFO TICK: TSLA $406.84 | HWM $408.42 | Stop $343.09 | Trailing: False
2026-06-22 18:50:09,386 INFO TICK: TSLA $406.94 | HWM $408.42 | Stop $343.09 | Trailing: False
2026-06-22 18:51:09,572 INFO TICK: TSLA $406.54 | HWM $408.42 | Stop $343.09 | Trailing: False
2026-06-22 18:52:09,838 INFO TICK: TSLA $406.64 | HWM $408.42 | Stop $343.09 | Trailing: False
2026-06-22 18:53:10,006 INFO TICK: TSLA $406.46 | HWM $408.42 | Stop $343.09 | Trailing: False
2026-06-22 18:54:10,221 INFO TICK: TSLA $406.16 | HWM $408.42 | Stop $343.09 | Trailing: False
2026-06-22 18:55:10,401 INFO TICK: TSLA $406.39 | HWM $408.42 | Stop $343.09 | Trailing: False
2026-06-22 18:56:10,666 INFO TICK: TSLA $406.14 | HWM $408.42 | Stop $343.09 | Trailing: False
2026-06-22 18:57:11,242 INFO TICK: TSLA $406.13 | HWM $408.42 | Stop $343.09 | Trailing: False
2026-06-22 18:58:11,536 INFO TICK: TSLA $406.12 | HWM $408.42 | Stop $343.09 | Trailing: False
2026-06-22 18:59:11,697 INFO TICK: TSLA $405.82 | HWM $408.42 | Stop $343.09 | Trailing: False
2026-06-22 19:00:11,871 INFO TICK: TSLA $405.93 | HWM $408.42 | Stop $343.09 | Trailing: False
2026-06-22 19:01:12,052 INFO TICK: TSLA $406.15 | HWM $408.42 | Stop $343.09 | Trailing: False
2026-06-22 19:02:12,225 INFO TICK: TSLA $406.35 | HWM $408.42 | Stop $343.09 | Trailing: False
2026-06-22 19:03:12,405 INFO TICK: TSLA $406.58 | HWM $408.42 | Stop $343.09 | Trailing: False
2026-06-22 19:04:12,674 INFO TICK: TSLA $406.44 | HWM $408.42 | Stop $343.09 | Trailing: False
2026-06-22 19:05:13,183 INFO TICK: TSLA $406.24 | HWM $408.42 | Stop $343.09 | Trailing: False
2026-06-22 19:06:13,354 INFO TICK: TSLA $404.60 | HWM $408.42 | Stop $343.09 | Trailing: False
2026-06-22 19:07:13,534 INFO TICK: TSLA $405.86 | HWM $408.42 | Stop $343.09 | Trailing: False
2026-06-22 19:08:13,704 INFO TICK: TSLA $405.13 | HWM $408.42 | Stop $343.09 | Trailing: False
2026-06-22 19:09:14,357 INFO TICK: TSLA $405.22 | HWM $408.42 | Stop $343.09 | Trailing: False
2026-06-22 19:10:14,825 INFO TICK: TSLA $405.39 | HWM $408.42 | Stop $343.09 | Trailing: False
2026-06-22 19:11:15,210 INFO TICK: TSLA $405.14 | HWM $408.42 | Stop $343.09 | Trailing: False
2026-06-22 19:12:15,436 INFO TICK: TSLA $405.68 | HWM $408.42 | Stop $343.09 | Trailing: False
2026-06-22 19:13:15,712 INFO TICK: TSLA $405.88 | HWM $408.42 | Stop $343.09 | Trailing: False
2026-06-22 19:14:15,876 INFO TICK: TSLA $406.01 | HWM $408.42 | Stop $343.09 | Trailing: False
2026-06-22 19:15:16,054 INFO TICK: TSLA $406.48 | HWM $408.42 | Stop $343.09 | Trailing: False
2026-06-22 19:16:16,230 INFO TICK: TSLA $406.73 | HWM $408.42 | Stop $343.09 | Trailing: False
2026-06-22 19:17:16,986 INFO TICK: TSLA $406.60 | HWM $408.42 | Stop $343.09 | Trailing: False
2026-06-22 19:18:17,836 INFO TICK: TSLA $407.20 | HWM $408.42 | Stop $343.09 | Trailing: False
2026-06-22 19:19:18,014 INFO TICK: TSLA $407.01 | HWM $408.42 | Stop $343.09 | Trailing: False
2026-06-22 19:20:18,445 INFO TICK: TSLA $406.84 | HWM $408.42 | Stop $343.09 | Trailing: False
2026-06-22 19:21:18,782 INFO TICK: TSLA $406.67 | HWM $408.42 | Stop $343.09 | Trailing: False
2026-06-22 19:22:18,975 INFO TICK: TSLA $406.47 | HWM $408.42 | Stop $343.09 | Trailing: False
2026-06-22 19:23:19,190 INFO TICK: TSLA $406.34 | HWM $408.42 | Stop $343.09 | Trailing: False
2026-06-22 19:24:19,414 INFO TICK: TSLA $406.18 | HWM $408.42 | Stop $343.09 | Trailing: False
2026-06-22 19:25:19,685 INFO TICK: TSLA $406.53 | HWM $408.42 | Stop $343.09 | Trailing: False
2026-06-22 19:26:19,853 INFO TICK: TSLA $406.37 | HWM $408.42 | Stop $343.09 | Trailing: False
2026-06-22 19:27:20,049 INFO TICK: TSLA $406.40 | HWM $408.42 | Stop $343.09 | Trailing: False
2026-06-22 19:28:20,358 INFO TICK: TSLA $406.27 | HWM $408.42 | Stop $343.09 | Trailing: False
2026-06-22 19:29:20,535 INFO TICK: TSLA $406.14 | HWM $408.42 | Stop $343.09 | Trailing: False
2026-06-22 19:30:20,750 INFO TICK: TSLA $406.35 | HWM $408.42 | Stop $343.09 | Trailing: False
2026-06-22 19:31:21,005 INFO TICK: TSLA $407.01 | HWM $408.42 | Stop $343.09 | Trailing: False
2026-06-22 19:32:21,177 INFO TICK: TSLA $406.72 | HWM $408.42 | Stop $343.09 | Trailing: False
2026-06-22 19:33:21,351 INFO TICK: TSLA $406.87 | HWM $408.42 | Stop $343.09 | Trailing: False
2026-06-22 19:34:21,660 INFO TICK: TSLA $407.01 | HWM $408.42 | Stop $343.09 | Trailing: False
2026-06-22 19:35:21,843 INFO TICK: TSLA $407.02 | HWM $408.42 | Stop $343.09 | Trailing: False
2026-06-22 19:36:22,010 INFO TICK: TSLA $406.85 | HWM $408.42 | Stop $343.09 | Trailing: False
2026-06-22 19:37:22,191 INFO TICK: TSLA $406.45 | HWM $408.42 | Stop $343.09 | Trailing: False
2026-06-22 19:38:22,465 INFO TICK: TSLA $406.20 | HWM $408.42 | Stop $343.09 | Trailing: False
2026-06-22 19:39:22,648 INFO TICK: TSLA $405.81 | HWM $408.42 | Stop $343.09 | Trailing: False
2026-06-22 19:40:22,821 INFO TICK: TSLA $405.79 | HWM $408.42 | Stop $343.09 | Trailing: False
2026-06-22 19:41:23,056 INFO TICK: TSLA $405.68 | HWM $408.42 | Stop $343.09 | Trailing: False
2026-06-22 19:42:23,332 INFO TICK: TSLA $405.13 | HWM $408.42 | Stop $343.09 | Trailing: False
2026-06-22 19:43:23,702 INFO TICK: TSLA $405.01 | HWM $408.42 | Stop $343.09 | Trailing: False
2026-06-22 19:44:23,861 INFO TICK: TSLA $405.22 | HWM $408.42 | Stop $343.09 | Trailing: False
2026-06-22 19:45:24,043 INFO TICK: TSLA $405.31 | HWM $408.42 | Stop $343.09 | Trailing: False
2026-06-22 19:46:24,225 INFO TICK: TSLA $405.09 | HWM $408.42 | Stop $343.09 | Trailing: False
2026-06-22 19:47:24,396 INFO TICK: TSLA $404.88 | HWM $408.42 | Stop $343.09 | Trailing: False
2026-06-22 19:48:24,559 INFO TICK: TSLA $404.87 | HWM $408.42 | Stop $343.09 | Trailing: False
2026-06-22 19:49:24,750 INFO TICK: TSLA $404.81 | HWM $408.42 | Stop $343.09 | Trailing: False
2026-06-22 19:50:25,101 INFO TICK: TSLA $405.56 | HWM $408.42 | Stop $343.09 | Trailing: False
2026-06-22 19:51:25,561 INFO TICK: TSLA $406.23 | HWM $408.42 | Stop $343.09 | Trailing: False
2026-06-22 19:52:25,728 INFO TICK: TSLA $406.37 | HWM $408.42 | Stop $343.09 | Trailing: False
2026-06-22 19:53:26,105 INFO TICK: TSLA $406.44 | HWM $408.42 | Stop $343.09 | Trailing: False
2026-06-22 19:54:26,579 INFO TICK: TSLA $405.77 | HWM $408.42 | Stop $343.09 | Trailing: False
2026-06-22 19:55:26,976 INFO TICK: TSLA $405.21 | HWM $408.42 | Stop $343.09 | Trailing: False
2026-06-22 19:56:27,183 INFO TICK: TSLA $405.04 | HWM $408.42 | Stop $343.09 | Trailing: False
2026-06-22 19:57:27,372 INFO TICK: TSLA $404.91 | HWM $408.42 | Stop $343.09 | Trailing: False
2026-06-22 19:58:27,530 INFO TICK: TSLA $405.20 | HWM $408.42 | Stop $343.09 | Trailing: False
2026-06-22 19:59:27,724 INFO TICK: TSLA $405.05 | HWM $408.42 | Stop $343.09 | Trailing: False
2026-06-22 20:00:27,763 INFO Market closed — exiting loop.
2026-06-22 20:00:27,763 INFO Monitor loop ended
2026-06-22 20:52:22,233 INFO Monitor loop started
2026-06-22 20:52:22,408 INFO Market closed — exiting loop.
2026-06-22 20:52:22,408 INFO Monitor loop ended
2026-06-23 16:08:19,819 INFO Monitor loop started
2026-06-23 16:08:20,223 INFO TICK: TSLA $384.76 | HWM $408.42 | Stop $343.09 | Trailing: False
2026-06-23 16:09:20,619 INFO TICK: TSLA $384.95 | HWM $408.42 | Stop $343.09 | Trailing: False
2026-06-23 16:10:20,865 INFO TICK: TSLA $384.95 | HWM $408.42 | Stop $343.09 | Trailing: False
2026-06-23 16:11:21,359 INFO TICK: TSLA $384.81 | HWM $408.42 | Stop $343.09 | Trailing: False
2026-06-23 16:12:21,548 INFO TICK: TSLA $385.18 | HWM $408.42 | Stop $343.09 | Trailing: False
2026-06-23 16:13:22,137 INFO TICK: TSLA $385.47 | HWM $408.42 | Stop $343.09 | Trailing: False
2026-06-23 16:14:22,524 INFO TICK: TSLA $385.02 | HWM $408.42 | Stop $343.09 | Trailing: False
2026-06-23 16:15:22,681 INFO TICK: TSLA $384.90 | HWM $408.42 | Stop $343.09 | Trailing: False
2026-06-23 16:16:22,873 INFO TICK: TSLA $384.95 | HWM $408.42 | Stop $343.09 | Trailing: False
2026-06-23 16:17:23,308 INFO TICK: TSLA $384.25 | HWM $408.42 | Stop $343.09 | Trailing: False
2026-06-23 16:18:23,647 INFO TICK: TSLA $384.32 | HWM $408.42 | Stop $343.09 | Trailing: False
2026-06-23 16:19:23,829 INFO TICK: TSLA $384.45 | HWM $408.42 | Stop $343.09 | Trailing: False
2026-06-23 16:20:24,039 INFO TICK: TSLA $383.85 | HWM $408.42 | Stop $343.09 | Trailing: False
2026-06-23 16:21:24,503 INFO TICK: TSLA $384.07 | HWM $408.42 | Stop $343.09 | Trailing: False
2026-06-23 16:22:25,019 INFO TICK: TSLA $384.09 | HWM $408.42 | Stop $343.09 | Trailing: False
2026-06-23 16:23:25,313 INFO TICK: TSLA $384.34 | HWM $408.42 | Stop $343.09 | Trailing: False
2026-06-23 16:24:25,499 INFO TICK: TSLA $384.45 | HWM $408.42 | Stop $343.09 | Trailing: False
2026-06-23 16:25:25,671 INFO TICK: TSLA $384.33 | HWM $408.42 | Stop $343.09 | Trailing: False
2026-06-23 16:26:25,848 INFO TICK: TSLA $384.10 | HWM $408.42 | Stop $343.09 | Trailing: False
2026-06-23 16:27:26,023 INFO TICK: TSLA $383.72 | HWM $408.42 | Stop $343.09 | Trailing: False
2026-06-23 16:28:26,203 INFO TICK: TSLA $383.82 | HWM $408.42 | Stop $343.09 | Trailing: False
2026-06-23 16:29:26,792 INFO TICK: TSLA $383.56 | HWM $408.42 | Stop $343.09 | Trailing: False
2026-06-23 16:30:27,029 INFO TICK: TSLA $383.31 | HWM $408.42 | Stop $343.09 | Trailing: False
2026-06-23 16:31:27,251 INFO TICK: TSLA $382.61 | HWM $408.42 | Stop $343.09 | Trailing: False
2026-06-23 16:32:27,444 INFO TICK: TSLA $383.18 | HWM $408.42 | Stop $343.09 | Trailing: False
2026-06-23 16:33:27,615 INFO TICK: TSLA $383.54 | HWM $408.42 | Stop $343.09 | Trailing: False
2026-06-23 16:34:27,799 INFO TICK: TSLA $383.18 | HWM $408.42 | Stop $343.09 | Trailing: False
2026-06-23 16:35:28,261 INFO TICK: TSLA $383.31 | HWM $408.42 | Stop $343.09 | Trailing: False
2026-06-23 16:36:28,423 INFO TICK: TSLA $383.60 | HWM $408.42 | Stop $343.09 | Trailing: False
2026-06-23 16:37:28,709 INFO TICK: TSLA $383.76 | HWM $408.42 | Stop $343.09 | Trailing: False
2026-06-23 16:38:28,911 INFO TICK: TSLA $383.67 | HWM $408.42 | Stop $343.09 | Trailing: False
2026-06-23 16:39:29,148 INFO TICK: TSLA $383.78 | HWM $408.42 | Stop $343.09 | Trailing: False
2026-06-23 16:40:29,627 INFO TICK: TSLA $384.06 | HWM $408.42 | Stop $343.09 | Trailing: False
2026-06-23 16:41:29,882 INFO TICK: TSLA $384.25 | HWM $408.42 | Stop $343.09 | Trailing: False
2026-06-23 16:42:30,066 INFO TICK: TSLA $384.69 | HWM $408.42 | Stop $343.09 | Trailing: False
2026-06-23 16:43:30,300 INFO TICK: TSLA $384.81 | HWM $408.42 | Stop $343.09 | Trailing: False
2026-06-23 16:44:30,467 INFO TICK: TSLA $385.15 | HWM $408.42 | Stop $343.09 | Trailing: False
2026-06-23 16:45:30,689 INFO TICK: TSLA $385.19 | HWM $408.42 | Stop $343.09 | Trailing: False
2026-06-23 16:46:31,041 INFO TICK: TSLA $385.08 | HWM $408.42 | Stop $343.09 | Trailing: False
2026-06-23 16:47:31,224 INFO TICK: TSLA $384.68 | HWM $408.42 | Stop $343.09 | Trailing: False
2026-06-23 16:48:31,421 INFO TICK: TSLA $385.16 | HWM $408.42 | Stop $343.09 | Trailing: False
2026-06-23 16:49:31,636 INFO TICK: TSLA $384.88 | HWM $408.42 | Stop $343.09 | Trailing: False
2026-06-23 16:50:31,871 INFO TICK: TSLA $384.49 | HWM $408.42 | Stop $343.09 | Trailing: False
2026-06-23 16:51:32,201 INFO TICK: TSLA $384.68 | HWM $408.42 | Stop $343.09 | Trailing: False
2026-06-23 16:52:32,375 INFO TICK: TSLA $385.03 | HWM $408.42 | Stop $343.09 | Trailing: False
2026-06-23 16:53:32,716 INFO TICK: TSLA $384.60 | HWM $408.42 | Stop $343.09 | Trailing: False
2026-06-23 16:54:33,173 INFO TICK: TSLA $384.83 | HWM $408.42 | Stop $343.09 | Trailing: False
2026-06-23 16:55:33,349 INFO TICK: TSLA $384.84 | HWM $408.42 | Stop $343.09 | Trailing: False
2026-06-23 16:56:33,527 INFO TICK: TSLA $384.60 | HWM $408.42 | Stop $343.09 | Trailing: False
2026-06-23 16:57:33,704 INFO TICK: TSLA $384.53 | HWM $408.42 | Stop $343.09 | Trailing: False
2026-06-23 16:58:33,869 INFO TICK: TSLA $384.80 | HWM $408.42 | Stop $343.09 | Trailing: False
2026-06-23 16:59:34,067 INFO TICK: TSLA $385.36 | HWM $408.42 | Stop $343.09 | Trailing: False
2026-06-23 17:00:34,513 INFO TICK: TSLA $385.16 | HWM $408.42 | Stop $343.09 | Trailing: False
2026-06-23 17:01:34,706 INFO TICK: TSLA $384.90 | HWM $408.42 | Stop $343.09 | Trailing: False
2026-06-23 17:02:34,873 INFO TICK: TSLA $384.21 | HWM $408.42 | Stop $343.09 | Trailing: False
2026-06-23 17:03:35,372 INFO TICK: TSLA $384.43 | HWM $408.42 | Stop $343.09 | Trailing: False
2026-06-23 17:04:35,544 INFO TICK: TSLA $384.08 | HWM $408.42 | Stop $343.09 | Trailing: False
2026-06-23 17:05:35,744 INFO TICK: TSLA $384.11 | HWM $408.42 | Stop $343.09 | Trailing: False
2026-06-23 17:06:36,250 INFO TICK: TSLA $384.13 | HWM $408.42 | Stop $343.09 | Trailing: False
2026-06-23 17:07:36,700 INFO TICK: TSLA $384.15 | HWM $408.42 | Stop $343.09 | Trailing: False
2026-06-23 17:08:36,877 INFO TICK: TSLA $384.34 | HWM $408.42 | Stop $343.09 | Trailing: False
2026-06-23 17:09:37,050 INFO TICK: TSLA $384.45 | HWM $408.42 | Stop $343.09 | Trailing: False
2026-06-23 17:10:37,600 INFO TICK: TSLA $385.05 | HWM $408.42 | Stop $343.09 | Trailing: False
2026-06-23 17:11:37,772 INFO TICK: TSLA $385.63 | HWM $408.42 | Stop $343.09 | Trailing: False
2026-06-23 17:12:37,931 INFO TICK: TSLA $385.27 | HWM $408.42 | Stop $343.09 | Trailing: False
2026-06-23 17:13:38,102 INFO TICK: TSLA $384.87 | HWM $408.42 | Stop $343.09 | Trailing: False
2026-06-23 17:14:38,293 INFO TICK: TSLA $384.81 | HWM $408.42 | Stop $343.09 | Trailing: False
2026-06-23 17:15:38,456 INFO TICK: TSLA $384.98 | HWM $408.42 | Stop $343.09 | Trailing: False
2026-06-23 17:16:39,179 INFO TICK: TSLA $385.19 | HWM $408.42 | Stop $343.09 | Trailing: False
2026-06-23 17:17:39,345 INFO TICK: TSLA $384.63 | HWM $408.42 | Stop $343.09 | Trailing: False
2026-06-23 17:18:39,557 INFO TICK: TSLA $384.63 | HWM $408.42 | Stop $343.09 | Trailing: False
2026-06-23 17:19:39,747 INFO TICK: TSLA $384.62 | HWM $408.42 | Stop $343.09 | Trailing: False
2026-06-23 17:20:39,910 INFO TICK: TSLA $384.82 | HWM $408.42 | Stop $343.09 | Trailing: False
2026-06-23 17:21:40,122 INFO TICK: TSLA $385.48 | HWM $408.42 | Stop $343.09 | Trailing: False
2026-06-23 17:22:40,284 INFO TICK: TSLA $385.34 | HWM $408.42 | Stop $343.09 | Trailing: False
2026-06-23 17:23:40,463 INFO TICK: TSLA $385.44 | HWM $408.42 | Stop $343.09 | Trailing: False
2026-06-23 17:24:40,816 INFO TICK: TSLA $385.27 | HWM $408.42 | Stop $343.09 | Trailing: False
2026-06-23 17:25:40,994 INFO TICK: TSLA $385.29 | HWM $408.42 | Stop $343.09 | Trailing: False
2026-06-23 17:26:41,353 INFO TICK: TSLA $385.22 | HWM $408.42 | Stop $343.09 | Trailing: False
2026-06-23 17:27:41,611 INFO TICK: TSLA $385.31 | HWM $408.42 | Stop $343.09 | Trailing: False
2026-06-23 17:28:41,911 INFO TICK: TSLA $385.52 | HWM $408.42 | Stop $343.09 | Trailing: False
2026-06-23 17:29:42,253 INFO TICK: TSLA $385.14 | HWM $408.42 | Stop $343.09 | Trailing: False
2026-06-23 17:30:42,457 INFO TICK: TSLA $384.75 | HWM $408.42 | Stop $343.09 | Trailing: False
2026-06-23 17:31:42,826 INFO TICK: TSLA $384.74 | HWM $408.42 | Stop $343.09 | Trailing: False
2026-06-23 17:32:43,230 INFO TICK: TSLA $385.22 | HWM $408.42 | Stop $343.09 | Trailing: False
2026-06-23 17:33:43,683 INFO TICK: TSLA $385.08 | HWM $408.42 | Stop $343.09 | Trailing: False
2026-06-23 17:34:44,185 INFO TICK: TSLA $385.25 | HWM $408.42 | Stop $343.09 | Trailing: False
2026-06-23 17:35:44,356 INFO TICK: TSLA $385.62 | HWM $408.42 | Stop $343.09 | Trailing: False
2026-06-23 17:36:44,523 INFO TICK: TSLA $385.60 | HWM $408.42 | Stop $343.09 | Trailing: False
2026-06-23 17:37:44,818 INFO TICK: TSLA $385.40 | HWM $408.42 | Stop $343.09 | Trailing: False
2026-06-23 17:38:44,984 INFO TICK: TSLA $385.31 | HWM $408.42 | Stop $343.09 | Trailing: False
2026-06-23 17:39:45,319 INFO TICK: TSLA $385.17 | HWM $408.42 | Stop $343.09 | Trailing: False
2026-06-23 17:40:45,557 INFO TICK: TSLA $384.92 | HWM $408.42 | Stop $343.09 | Trailing: False
2026-06-23 17:41:45,718 INFO TICK: TSLA $384.68 | HWM $408.42 | Stop $343.09 | Trailing: False
2026-06-23 17:42:45,899 INFO TICK: TSLA $384.63 | HWM $408.42 | Stop $343.09 | Trailing: False
2026-06-23 17:43:46,153 INFO TICK: TSLA $384.70 | HWM $408.42 | Stop $343.09 | Trailing: False
2026-06-23 17:44:46,358 INFO TICK: TSLA $384.71 | HWM $408.42 | Stop $343.09 | Trailing: False
2026-06-23 17:45:46,575 INFO TICK: TSLA $384.50 | HWM $408.42 | Stop $343.09 | Trailing: False
2026-06-23 17:46:46,738 INFO TICK: TSLA $384.04 | HWM $408.42 | Stop $343.09 | Trailing: False
2026-06-23 17:47:46,899 INFO TICK: TSLA $383.85 | HWM $408.42 | Stop $343.09 | Trailing: False
2026-06-23 17:48:47,054 INFO TICK: TSLA $383.78 | HWM $408.42 | Stop $343.09 | Trailing: False
2026-06-23 17:49:47,230 INFO TICK: TSLA $383.95 | HWM $408.42 | Stop $343.09 | Trailing: False
2026-06-23 17:50:47,589 INFO TICK: TSLA $383.55 | HWM $408.42 | Stop $343.09 | Trailing: False
2026-06-23 17:51:47,794 INFO TICK: TSLA $383.48 | HWM $408.42 | Stop $343.09 | Trailing: False
2026-06-23 17:52:47,961 INFO TICK: TSLA $383.30 | HWM $408.42 | Stop $343.09 | Trailing: False
2026-06-23 17:53:48,249 INFO TICK: TSLA $383.30 | HWM $408.42 | Stop $343.09 | Trailing: False
2026-06-23 17:54:48,440 INFO TICK: TSLA $382.75 | HWM $408.42 | Stop $343.09 | Trailing: False
2026-06-23 17:55:48,633 INFO TICK: TSLA $382.08 | HWM $408.42 | Stop $343.09 | Trailing: False
2026-06-23 17:56:49,017 INFO TICK: TSLA $381.77 | HWM $408.42 | Stop $343.09 | Trailing: False
2026-06-23 17:57:49,179 INFO TICK: TSLA $381.79 | HWM $408.42 | Stop $343.09 | Trailing: False
2026-06-23 17:58:49,372 INFO TICK: TSLA $381.63 | HWM $408.42 | Stop $343.09 | Trailing: False
2026-06-23 17:59:49,555 INFO TICK: TSLA $381.57 | HWM $408.42 | Stop $343.09 | Trailing: False
2026-06-23 18:00:49,801 INFO TICK: TSLA $381.83 | HWM $408.42 | Stop $343.09 | Trailing: False
2026-06-23 18:01:49,983 INFO TICK: TSLA $382.26 | HWM $408.42 | Stop $343.09 | Trailing: False
2026-06-23 18:02:50,182 INFO TICK: TSLA $381.96 | HWM $408.42 | Stop $343.09 | Trailing: False
2026-06-23 18:03:50,353 INFO TICK: TSLA $381.94 | HWM $408.42 | Stop $343.09 | Trailing: False
2026-06-23 18:04:50,543 INFO TICK: TSLA $381.71 | HWM $408.42 | Stop $343.09 | Trailing: False
2026-06-23 18:05:50,829 INFO TICK: TSLA $381.43 | HWM $408.42 | Stop $343.09 | Trailing: False
2026-06-23 18:06:50,990 INFO TICK: TSLA $381.46 | HWM $408.42 | Stop $343.09 | Trailing: False
2026-06-23 18:07:51,160 INFO TICK: TSLA $381.20 | HWM $408.42 | Stop $343.09 | Trailing: False
2026-06-23 18:08:51,351 INFO TICK: TSLA $380.94 | HWM $408.42 | Stop $343.09 | Trailing: False
2026-06-23 18:09:51,663 INFO TICK: TSLA $381.04 | HWM $408.42 | Stop $343.09 | Trailing: False
2026-06-23 18:10:51,983 INFO TICK: TSLA $381.09 | HWM $408.42 | Stop $343.09 | Trailing: False
2026-06-23 18:11:52,327 INFO TICK: TSLA $381.20 | HWM $408.42 | Stop $343.09 | Trailing: False
2026-06-23 18:12:52,492 INFO TICK: TSLA $381.44 | HWM $408.42 | Stop $343.09 | Trailing: False
2026-06-23 18:13:52,724 INFO TICK: TSLA $381.44 | HWM $408.42 | Stop $343.09 | Trailing: False
2026-06-23 18:14:52,928 INFO TICK: TSLA $381.42 | HWM $408.42 | Stop $343.09 | Trailing: False
2026-06-23 18:15:53,446 INFO TICK: TSLA $381.65 | HWM $408.42 | Stop $343.09 | Trailing: False
2026-06-23 18:16:53,633 INFO TICK: TSLA $381.12 | HWM $408.42 | Stop $343.09 | Trailing: False
2026-06-23 18:17:53,805 INFO TICK: TSLA $381.13 | HWM $408.42 | Stop $343.09 | Trailing: False
2026-06-23 18:18:54,409 INFO TICK: TSLA $381.02 | HWM $408.42 | Stop $343.09 | Trailing: False
2026-06-23 18:19:54,627 INFO TICK: TSLA $380.95 | HWM $408.42 | Stop $343.09 | Trailing: False
2026-06-23 18:20:54,930 INFO TICK: TSLA $380.79 | HWM $408.42 | Stop $343.09 | Trailing: False
2026-06-23 18:21:55,295 INFO TICK: TSLA $381.16 | HWM $408.42 | Stop $343.09 | Trailing: False
2026-06-23 18:22:55,458 INFO TICK: TSLA $381.51 | HWM $408.42 | Stop $343.09 | Trailing: False
2026-06-23 18:23:55,629 INFO TICK: TSLA $381.61 | HWM $408.42 | Stop $343.09 | Trailing: False
2026-06-23 18:24:55,811 INFO TICK: TSLA $381.63 | HWM $408.42 | Stop $343.09 | Trailing: False
2026-06-23 18:25:55,990 INFO TICK: TSLA $381.43 | HWM $408.42 | Stop $343.09 | Trailing: False
2026-06-23 18:26:56,290 INFO TICK: TSLA $381.24 | HWM $408.42 | Stop $343.09 | Trailing: False
2026-06-23 18:27:56,468 INFO TICK: TSLA $381.46 | HWM $408.42 | Stop $343.09 | Trailing: False
2026-06-23 18:28:56,804 INFO TICK: TSLA $381.49 | HWM $408.42 | Stop $343.09 | Trailing: False
2026-06-23 18:29:57,081 INFO TICK: TSLA $381.47 | HWM $408.42 | Stop $343.09 | Trailing: False
2026-06-23 18:30:57,482 INFO TICK: TSLA $381.46 | HWM $408.42 | Stop $343.09 | Trailing: False
2026-06-23 18:31:57,734 INFO TICK: TSLA $381.67 | HWM $408.42 | Stop $343.09 | Trailing: False
2026-06-23 18:32:58,597 INFO TICK: TSLA $381.51 | HWM $408.42 | Stop $343.09 | Trailing: False
2026-06-23 18:33:59,443 INFO TICK: TSLA $381.47 | HWM $408.42 | Stop $343.09 | Trailing: False
2026-06-23 18:34:59,911 INFO TICK: TSLA $381.29 | HWM $408.42 | Stop $343.09 | Trailing: False
2026-06-23 18:36:00,591 INFO TICK: TSLA $381.24 | HWM $408.42 | Stop $343.09 | Trailing: False
2026-06-23 18:37:00,916 INFO TICK: TSLA $380.99 | HWM $408.42 | Stop $343.09 | Trailing: False
2026-06-23 18:38:01,150 INFO TICK: TSLA $381.12 | HWM $408.42 | Stop $343.09 | Trailing: False
2026-06-23 18:39:01,427 INFO TICK: TSLA $381.17 | HWM $408.42 | Stop $343.09 | Trailing: False
2026-06-23 18:40:02,424 INFO TICK: TSLA $381.06 | HWM $408.42 | Stop $343.09 | Trailing: False
2026-06-23 18:41:02,709 INFO TICK: TSLA $380.71 | HWM $408.42 | Stop $343.09 | Trailing: False
2026-06-23 18:42:03,010 INFO TICK: TSLA $381.02 | HWM $408.42 | Stop $343.09 | Trailing: False
2026-06-23 18:43:03,371 INFO TICK: TSLA $380.01 | HWM $408.42 | Stop $343.09 | Trailing: False
2026-06-23 18:44:03,542 INFO TICK: TSLA $380.33 | HWM $408.42 | Stop $343.09 | Trailing: False
2026-06-23 18:45:04,515 INFO TICK: TSLA $380.03 | HWM $408.42 | Stop $343.09 | Trailing: False
2026-06-23 18:46:04,680 INFO TICK: TSLA $379.92 | HWM $408.42 | Stop $343.09 | Trailing: False
2026-06-23 18:47:04,863 INFO TICK: TSLA $379.50 | HWM $408.42 | Stop $343.09 | Trailing: False
2026-06-23 18:48:05,049 INFO TICK: TSLA $379.40 | HWM $408.42 | Stop $343.09 | Trailing: False
2026-06-23 18:49:05,446 INFO TICK: TSLA $379.78 | HWM $408.42 | Stop $343.09 | Trailing: False
2026-06-23 18:50:05,712 INFO TICK: TSLA $379.95 | HWM $408.42 | Stop $343.09 | Trailing: False
2026-06-23 18:51:05,950 INFO TICK: TSLA $380.06 | HWM $408.42 | Stop $343.09 | Trailing: False
2026-06-23 18:52:06,224 INFO TICK: TSLA $380.07 | HWM $408.42 | Stop $343.09 | Trailing: False
2026-06-23 18:53:06,409 INFO TICK: TSLA $379.71 | HWM $408.42 | Stop $343.09 | Trailing: False
2026-06-23 18:54:06,614 INFO TICK: TSLA $379.30 | HWM $408.42 | Stop $343.09 | Trailing: False
2026-06-23 18:55:06,979 INFO TICK: TSLA $379.86 | HWM $408.42 | Stop $343.09 | Trailing: False
2026-06-23 18:56:07,152 INFO TICK: TSLA $379.57 | HWM $408.42 | Stop $343.09 | Trailing: False
2026-06-23 18:57:07,608 INFO TICK: TSLA $379.42 | HWM $408.42 | Stop $343.09 | Trailing: False
2026-06-23 18:58:07,850 INFO TICK: TSLA $379.32 | HWM $408.42 | Stop $343.09 | Trailing: False
2026-06-23 18:59:08,117 INFO TICK: TSLA $379.83 | HWM $408.42 | Stop $343.09 | Trailing: False
2026-06-23 19:00:08,433 INFO TICK: TSLA $379.64 | HWM $408.42 | Stop $343.09 | Trailing: False
2026-06-23 19:01:08,633 INFO TICK: TSLA $379.92 | HWM $408.42 | Stop $343.09 | Trailing: False
2026-06-23 19:02:08,925 INFO TICK: TSLA $380.54 | HWM $408.42 | Stop $343.09 | Trailing: False
2026-06-23 19:03:09,147 INFO TICK: TSLA $380.73 | HWM $408.42 | Stop $343.09 | Trailing: False
2026-06-23 19:04:09,341 INFO TICK: TSLA $381.09 | HWM $408.42 | Stop $343.09 | Trailing: False
2026-06-23 19:05:09,569 INFO TICK: TSLA $381.88 | HWM $408.42 | Stop $343.09 | Trailing: False
2026-06-23 19:06:09,896 INFO TICK: TSLA $381.72 | HWM $408.42 | Stop $343.09 | Trailing: False
2026-06-23 19:07:10,107 INFO TICK: TSLA $381.12 | HWM $408.42 | Stop $343.09 | Trailing: False
2026-06-23 19:08:10,363 INFO TICK: TSLA $381.07 | HWM $408.42 | Stop $343.09 | Trailing: False
2026-06-23 19:09:10,567 INFO TICK: TSLA $380.71 | HWM $408.42 | Stop $343.09 | Trailing: False
2026-06-23 19:10:10,790 INFO TICK: TSLA $380.58 | HWM $408.42 | Stop $343.09 | Trailing: False
2026-06-23 19:11:10,964 INFO TICK: TSLA $380.30 | HWM $408.42 | Stop $343.09 | Trailing: False
2026-06-23 19:12:11,158 INFO TICK: TSLA $380.97 | HWM $408.42 | Stop $343.09 | Trailing: False
2026-06-23 19:13:11,348 INFO TICK: TSLA $380.90 | HWM $408.42 | Stop $343.09 | Trailing: False
2026-06-23 19:14:11,729 INFO TICK: TSLA $381.03 | HWM $408.42 | Stop $343.09 | Trailing: False
2026-06-23 19:15:11,994 INFO TICK: TSLA $380.92 | HWM $408.42 | Stop $343.09 | Trailing: False
2026-06-23 19:16:12,193 INFO TICK: TSLA $380.73 | HWM $408.42 | Stop $343.09 | Trailing: False
2026-06-23 19:17:12,363 INFO TICK: TSLA $380.65 | HWM $408.42 | Stop $343.09 | Trailing: False
2026-06-23 19:18:12,540 INFO TICK: TSLA $380.66 | HWM $408.42 | Stop $343.09 | Trailing: False
2026-06-23 19:19:12,714 INFO TICK: TSLA $380.73 | HWM $408.42 | Stop $343.09 | Trailing: False
2026-06-23 19:20:12,924 INFO TICK: TSLA $380.60 | HWM $408.42 | Stop $343.09 | Trailing: False
2026-06-23 19:21:13,126 INFO TICK: TSLA $380.16 | HWM $408.42 | Stop $343.09 | Trailing: False
2026-06-23 19:22:13,324 INFO TICK: TSLA $380.86 | HWM $408.42 | Stop $343.09 | Trailing: False
2026-06-23 19:23:13,507 INFO TICK: TSLA $381.02 | HWM $408.42 | Stop $343.09 | Trailing: False
2026-06-23 19:24:13,675 INFO TICK: TSLA $381.64 | HWM $408.42 | Stop $343.09 | Trailing: False
2026-06-23 19:25:13,863 INFO TICK: TSLA $381.37 | HWM $408.42 | Stop $343.09 | Trailing: False
2026-06-23 19:26:14,022 INFO TICK: TSLA $381.82 | HWM $408.42 | Stop $343.09 | Trailing: False
2026-06-23 19:27:14,196 INFO TICK: TSLA $381.81 | HWM $408.42 | Stop $343.09 | Trailing: False
2026-06-23 19:28:14,397 INFO TICK: TSLA $381.42 | HWM $408.42 | Stop $343.09 | Trailing: False
2026-06-23 19:29:14,743 INFO TICK: TSLA $381.51 | HWM $408.42 | Stop $343.09 | Trailing: False
2026-06-23 19:30:14,994 INFO TICK: TSLA $381.60 | HWM $408.42 | Stop $343.09 | Trailing: False
2026-06-23 19:31:15,183 INFO TICK: TSLA $381.53 | HWM $408.42 | Stop $343.09 | Trailing: False
2026-06-23 19:32:15,377 INFO TICK: TSLA $381.57 | HWM $408.42 | Stop $343.09 | Trailing: False
2026-06-23 19:33:15,566 INFO TICK: TSLA $381.91 | HWM $408.42 | Stop $343.09 | Trailing: False
2026-06-23 19:34:15,740 INFO TICK: TSLA $382.01 | HWM $408.42 | Stop $343.09 | Trailing: False
2026-06-23 19:35:15,953 INFO TICK: TSLA $381.71 | HWM $408.42 | Stop $343.09 | Trailing: False
2026-06-23 19:36:16,117 INFO TICK: TSLA $381.87 | HWM $408.42 | Stop $343.09 | Trailing: False
2026-06-23 19:37:16,532 INFO TICK: TSLA $381.63 | HWM $408.42 | Stop $343.09 | Trailing: False
2026-06-23 19:38:16,896 INFO TICK: TSLA $381.95 | HWM $408.42 | Stop $343.09 | Trailing: False
2026-06-23 19:39:17,451 INFO TICK: TSLA $381.86 | HWM $408.42 | Stop $343.09 | Trailing: False
2026-06-23 19:40:17,623 INFO TICK: TSLA $381.90 | HWM $408.42 | Stop $343.09 | Trailing: False
2026-06-23 19:41:18,039 INFO TICK: TSLA $381.85 | HWM $408.42 | Stop $343.09 | Trailing: False
2026-06-23 19:42:18,246 INFO TICK: TSLA $382.22 | HWM $408.42 | Stop $343.09 | Trailing: False
2026-06-23 19:43:18,422 INFO TICK: TSLA $382.26 | HWM $408.42 | Stop $343.09 | Trailing: False
2026-06-23 19:44:18,646 INFO TICK: TSLA $381.66 | HWM $408.42 | Stop $343.09 | Trailing: False
2026-06-23 19:45:18,971 INFO TICK: TSLA $381.66 | HWM $408.42 | Stop $343.09 | Trailing: False
2026-06-23 19:46:19,846 INFO TICK: TSLA $381.62 | HWM $408.42 | Stop $343.09 | Trailing: False
2026-06-23 19:47:20,055 INFO TICK: TSLA $381.56 | HWM $408.42 | Stop $343.09 | Trailing: False
2026-06-23 19:48:20,281 INFO TICK: TSLA $381.53 | HWM $408.42 | Stop $343.09 | Trailing: False
2026-06-23 19:49:20,447 INFO TICK: TSLA $381.60 | HWM $408.42 | Stop $343.09 | Trailing: False
2026-06-23 19:50:20,781 INFO TICK: TSLA $382.56 | HWM $408.42 | Stop $343.09 | Trailing: False
2026-06-23 19:51:20,953 INFO TICK: TSLA $381.60 | HWM $408.42 | Stop $343.09 | Trailing: False
2026-06-23 19:52:21,377 INFO TICK: TSLA $382.12 | HWM $408.42 | Stop $343.09 | Trailing: False
2026-06-23 19:53:21,878 INFO TICK: TSLA $381.24 | HWM $408.42 | Stop $343.09 | Trailing: False
2026-06-23 19:54:22,166 INFO TICK: TSLA $381.59 | HWM $408.42 | Stop $343.09 | Trailing: False
2026-06-23 19:55:22,559 INFO TICK: TSLA $380.97 | HWM $408.42 | Stop $343.09 | Trailing: False
2026-06-23 19:56:22,927 INFO TICK: TSLA $381.69 | HWM $408.42 | Stop $343.09 | Trailing: False
2026-06-23 19:57:23,334 INFO TICK: TSLA $381.51 | HWM $408.42 | Stop $343.09 | Trailing: False
2026-06-23 19:58:23,798 INFO TICK: TSLA $382.08 | HWM $408.42 | Stop $343.09 | Trailing: False
2026-06-23 19:59:24,006 INFO TICK: TSLA $382.14 | HWM $408.42 | Stop $343.09 | Trailing: False
2026-06-23 20:00:24,045 INFO Market closed — exiting loop.
2026-06-23 20:00:24,045 INFO Monitor loop ended
2026-06-23 20:09:44,945 INFO Monitor loop started
2026-06-23 20:09:45,000 INFO Market closed — exiting loop.
2026-06-23 20:09:45,000 INFO Monitor loop ended
2026-06-24 15:40:43,640 INFO Monitor loop started
2026-06-24 15:40:43,826 INFO TICK: TSLA $381.77 | HWM $408.42 | Stop $343.09 | Trailing: False
2026-06-24 15:41:43,994 INFO TICK: TSLA $381.74 | HWM $408.42 | Stop $343.09 | Trailing: False
2026-06-24 15:42:44,232 INFO TICK: TSLA $381.52 | HWM $408.42 | Stop $343.09 | Trailing: False
2026-06-24 15:43:44,392 INFO TICK: TSLA $381.62 | HWM $408.42 | Stop $343.09 | Trailing: False
2026-06-24 15:44:44,566 INFO TICK: TSLA $381.52 | HWM $408.42 | Stop $343.09 | Trailing: False
2026-06-24 15:45:44,744 INFO TICK: TSLA $381.27 | HWM $408.42 | Stop $343.09 | Trailing: False
2026-06-24 15:46:44,914 INFO TICK: TSLA $381.01 | HWM $408.42 | Stop $343.09 | Trailing: False
2026-06-24 15:47:45,128 INFO TICK: TSLA $381.18 | HWM $408.42 | Stop $343.09 | Trailing: False
2026-06-24 15:48:45,670 INFO TICK: TSLA $381.43 | HWM $408.42 | Stop $343.09 | Trailing: False
2026-06-24 15:49:45,827 INFO TICK: TSLA $381.90 | HWM $408.42 | Stop $343.09 | Trailing: False
2026-06-24 15:50:46,415 INFO TICK: TSLA $381.71 | HWM $408.42 | Stop $343.09 | Trailing: False
2026-06-24 15:51:46,594 INFO TICK: TSLA $381.83 | HWM $408.42 | Stop $343.09 | Trailing: False
2026-06-24 15:52:47,039 INFO TICK: TSLA $382.30 | HWM $408.42 | Stop $343.09 | Trailing: False
2026-06-24 15:53:47,330 INFO TICK: TSLA $382.35 | HWM $408.42 | Stop $343.09 | Trailing: False
2026-06-24 15:54:47,510 INFO TICK: TSLA $381.81 | HWM $408.42 | Stop $343.09 | Trailing: False
2026-06-24 15:55:47,708 INFO TICK: TSLA $382.07 | HWM $408.42 | Stop $343.09 | Trailing: False
2026-06-24 15:56:48,031 INFO TICK: TSLA $381.42 | HWM $408.42 | Stop $343.09 | Trailing: False
2026-06-24 15:57:48,479 INFO TICK: TSLA $381.41 | HWM $408.42 | Stop $343.09 | Trailing: False
2026-06-24 15:58:48,635 INFO TICK: TSLA $380.69 | HWM $408.42 | Stop $343.09 | Trailing: False
2026-06-24 15:59:48,798 INFO TICK: TSLA $380.54 | HWM $408.42 | Stop $343.09 | Trailing: False
2026-06-24 16:00:49,172 INFO TICK: TSLA $380.84 | HWM $408.42 | Stop $343.09 | Trailing: False
2026-06-24 16:01:49,385 INFO TICK: TSLA $381.06 | HWM $408.42 | Stop $343.09 | Trailing: False
2026-06-24 16:02:49,578 INFO TICK: TSLA $381.02 | HWM $408.42 | Stop $343.09 | Trailing: False
2026-06-24 16:03:49,763 INFO TICK: TSLA $380.89 | HWM $408.42 | Stop $343.09 | Trailing: False
2026-06-24 16:04:49,939 INFO TICK: TSLA $380.95 | HWM $408.42 | Stop $343.09 | Trailing: False
2026-06-24 16:05:50,151 INFO TICK: TSLA $380.99 | HWM $408.42 | Stop $343.09 | Trailing: False
2026-06-24 16:06:50,314 INFO TICK: TSLA $380.62 | HWM $408.42 | Stop $343.09 | Trailing: False
2026-06-24 16:07:50,465 INFO TICK: TSLA $380.81 | HWM $408.42 | Stop $343.09 | Trailing: False
2026-06-24 16:08:50,648 INFO TICK: TSLA $381.01 | HWM $408.42 | Stop $343.09 | Trailing: False
2026-06-24 16:09:50,805 INFO TICK: TSLA $380.99 | HWM $408.42 | Stop $343.09 | Trailing: False
2026-06-24 16:10:50,959 INFO TICK: TSLA $381.09 | HWM $408.42 | Stop $343.09 | Trailing: False
2026-06-24 16:11:51,139 INFO TICK: TSLA $381.59 | HWM $408.42 | Stop $343.09 | Trailing: False
2026-06-24 16:12:51,416 INFO TICK: TSLA $381.52 | HWM $408.42 | Stop $343.09 | Trailing: False
2026-06-24 16:13:52,084 INFO TICK: TSLA $381.50 | HWM $408.42 | Stop $343.09 | Trailing: False
2026-06-24 16:14:52,244 INFO TICK: TSLA $381.37 | HWM $408.42 | Stop $343.09 | Trailing: False
2026-06-24 16:15:52,554 INFO TICK: TSLA $381.34 | HWM $408.42 | Stop $343.09 | Trailing: False
2026-06-24 16:16:53,090 INFO TICK: TSLA $381.25 | HWM $408.42 | Stop $343.09 | Trailing: False
2026-06-24 16:17:53,529 INFO TICK: TSLA $381.08 | HWM $408.42 | Stop $343.09 | Trailing: False
2026-06-24 16:18:53,933 INFO TICK: TSLA $381.40 | HWM $408.42 | Stop $343.09 | Trailing: False
2026-06-24 16:19:54,140 INFO TICK: TSLA $381.26 | HWM $408.42 | Stop $343.09 | Trailing: False
2026-06-24 16:20:54,306 INFO TICK: TSLA $381.11 | HWM $408.42 | Stop $343.09 | Trailing: False
2026-06-24 16:21:54,512 INFO TICK: TSLA $381.13 | HWM $408.42 | Stop $343.09 | Trailing: False
2026-06-24 16:22:54,674 INFO TICK: TSLA $381.62 | HWM $408.42 | Stop $343.09 | Trailing: False
2026-06-24 16:23:55,079 INFO TICK: TSLA $381.67 | HWM $408.42 | Stop $343.09 | Trailing: False
2026-06-24 16:24:55,334 INFO TICK: TSLA $381.68 | HWM $408.42 | Stop $343.09 | Trailing: False
2026-06-24 16:25:55,596 INFO TICK: TSLA $381.14 | HWM $408.42 | Stop $343.09 | Trailing: False
2026-06-24 16:26:55,752 INFO TICK: TSLA $381.06 | HWM $408.42 | Stop $343.09 | Trailing: False
2026-06-24 16:27:55,984 INFO TICK: TSLA $381.26 | HWM $408.42 | Stop $343.09 | Trailing: False
2026-06-24 16:28:56,144 INFO TICK: TSLA $381.45 | HWM $408.42 | Stop $343.09 | Trailing: False
2026-06-24 16:29:56,311 INFO TICK: TSLA $381.44 | HWM $408.42 | Stop $343.09 | Trailing: False
2026-06-24 16:30:56,558 INFO TICK: TSLA $380.81 | HWM $408.42 | Stop $343.09 | Trailing: False
2026-06-24 16:31:56,716 INFO TICK: TSLA $380.60 | HWM $408.42 | Stop $343.09 | Trailing: False
2026-06-24 16:32:56,895 INFO TICK: TSLA $380.36 | HWM $408.42 | Stop $343.09 | Trailing: False
2026-06-24 16:33:57,072 INFO TICK: TSLA $380.53 | HWM $408.42 | Stop $343.09 | Trailing: False
2026-06-24 16:34:57,270 INFO TICK: TSLA $380.56 | HWM $408.42 | Stop $343.09 | Trailing: False
2026-06-24 16:35:57,452 INFO TICK: TSLA $380.70 | HWM $408.42 | Stop $343.09 | Trailing: False
2026-06-24 16:36:57,604 INFO TICK: TSLA $379.98 | HWM $408.42 | Stop $343.09 | Trailing: False
2026-06-24 16:37:57,781 INFO TICK: TSLA $379.42 | HWM $408.42 | Stop $343.09 | Trailing: False
2026-06-24 16:38:57,946 INFO TICK: TSLA $379.03 | HWM $408.42 | Stop $343.09 | Trailing: False
2026-06-24 16:39:58,133 INFO TICK: TSLA $378.55 | HWM $408.42 | Stop $343.09 | Trailing: False
2026-06-24 16:40:58,378 INFO TICK: TSLA $378.75 | HWM $408.42 | Stop $343.09 | Trailing: False
2026-06-24 16:41:58,602 INFO TICK: TSLA $378.34 | HWM $408.42 | Stop $343.09 | Trailing: False
2026-06-24 16:42:58,849 INFO TICK: TSLA $378.11 | HWM $408.42 | Stop $343.09 | Trailing: False
2026-06-24 16:43:59,039 INFO TICK: TSLA $378.19 | HWM $408.42 | Stop $343.09 | Trailing: False
2026-06-24 16:44:59,229 INFO TICK: TSLA $378.51 | HWM $408.42 | Stop $343.09 | Trailing: False
2026-06-24 16:45:59,399 INFO TICK: TSLA $378.35 | HWM $408.42 | Stop $343.09 | Trailing: False
2026-06-24 16:47:00,002 INFO TICK: TSLA $378.50 | HWM $408.42 | Stop $343.09 | Trailing: False
2026-06-24 16:48:00,291 INFO TICK: TSLA $378.94 | HWM $408.42 | Stop $343.09 | Trailing: False
2026-06-24 16:49:00,514 INFO TICK: TSLA $379.38 | HWM $408.42 | Stop $343.09 | Trailing: False
2026-06-24 16:50:01,119 INFO TICK: TSLA $379.01 | HWM $408.42 | Stop $343.09 | Trailing: False
2026-06-24 16:51:01,557 INFO TICK: TSLA $379.50 | HWM $408.42 | Stop $343.09 | Trailing: False
2026-06-24 16:52:01,830 INFO TICK: TSLA $379.32 | HWM $408.42 | Stop $343.09 | Trailing: False
2026-06-24 16:53:02,018 INFO TICK: TSLA $379.07 | HWM $408.42 | Stop $343.09 | Trailing: False
2026-06-24 16:54:02,205 INFO TICK: TSLA $378.76 | HWM $408.42 | Stop $343.09 | Trailing: False
2026-06-24 16:55:02,479 INFO TICK: TSLA $378.78 | HWM $408.42 | Stop $343.09 | Trailing: False
2026-06-24 16:56:02,681 INFO TICK: TSLA $378.78 | HWM $408.42 | Stop $343.09 | Trailing: False
2026-06-24 16:57:02,996 INFO TICK: TSLA $378.58 | HWM $408.42 | Stop $343.09 | Trailing: False
2026-06-24 16:58:03,193 INFO TICK: TSLA $378.65 | HWM $408.42 | Stop $343.09 | Trailing: False
2026-06-24 16:59:03,397 INFO TICK: TSLA $378.57 | HWM $408.42 | Stop $343.09 | Trailing: False
2026-06-24 17:00:05,698 INFO TICK: TSLA $378.37 | HWM $408.42 | Stop $343.09 | Trailing: False
2026-06-24 17:01:05,918 INFO TICK: TSLA $378.64 | HWM $408.42 | Stop $343.09 | Trailing: False
2026-06-24 17:02:06,130 INFO TICK: TSLA $378.83 | HWM $408.42 | Stop $343.09 | Trailing: False
2026-06-24 17:03:06,329 INFO TICK: TSLA $378.96 | HWM $408.42 | Stop $343.09 | Trailing: False
2026-06-24 17:04:06,498 INFO TICK: TSLA $379.21 | HWM $408.42 | Stop $343.09 | Trailing: False
2026-06-24 17:05:06,696 INFO TICK: TSLA $379.08 | HWM $408.42 | Stop $343.09 | Trailing: False
2026-06-24 17:06:06,994 INFO TICK: TSLA $378.75 | HWM $408.42 | Stop $343.09 | Trailing: False
2026-06-24 17:07:07,181 INFO TICK: TSLA $377.94 | HWM $408.42 | Stop $343.09 | Trailing: False
2026-06-24 17:08:07,381 INFO TICK: TSLA $377.48 | HWM $408.42 | Stop $343.09 | Trailing: False
2026-06-24 17:09:07,750 INFO TICK: TSLA $377.10 | HWM $408.42 | Stop $343.09 | Trailing: False
2026-06-24 17:10:08,032 INFO TICK: TSLA $377.43 | HWM $408.42 | Stop $343.09 | Trailing: False
2026-06-24 17:11:08,389 INFO TICK: TSLA $377.82 | HWM $408.42 | Stop $343.09 | Trailing: False
2026-06-24 17:12:08,574 INFO TICK: TSLA $377.55 | HWM $408.42 | Stop $343.09 | Trailing: False
2026-06-24 17:13:09,021 INFO TICK: TSLA $377.57 | HWM $408.42 | Stop $343.09 | Trailing: False
2026-06-24 17:14:09,227 INFO TICK: TSLA $377.42 | HWM $408.42 | Stop $343.09 | Trailing: False
2026-06-24 17:15:09,455 INFO TICK: TSLA $377.65 | HWM $408.42 | Stop $343.09 | Trailing: False
2026-06-24 17:16:09,627 INFO TICK: TSLA $377.54 | HWM $408.42 | Stop $343.09 | Trailing: False
2026-06-24 17:17:09,785 INFO TICK: TSLA $376.62 | HWM $408.42 | Stop $343.09 | Trailing: False
2026-06-24 17:18:09,934 INFO TICK: TSLA $376.85 | HWM $408.42 | Stop $343.09 | Trailing: False
2026-06-24 17:19:10,109 INFO TICK: TSLA $376.61 | HWM $408.42 | Stop $343.09 | Trailing: False
2026-06-24 17:20:10,312 INFO TICK: TSLA $376.50 | HWM $408.42 | Stop $343.09 | Trailing: False
2026-06-24 17:21:10,583 INFO TICK: TSLA $375.63 | HWM $408.42 | Stop $343.09 | Trailing: False
2026-06-24 17:22:11,172 INFO TICK: TSLA $376.23 | HWM $408.42 | Stop $343.09 | Trailing: False
2026-06-24 17:23:11,421 INFO TICK: TSLA $375.92 | HWM $408.42 | Stop $343.09 | Trailing: False
2026-06-24 17:24:11,644 INFO TICK: TSLA $375.92 | HWM $408.42 | Stop $343.09 | Trailing: False
2026-06-24 17:25:11,933 INFO TICK: TSLA $375.57 | HWM $408.42 | Stop $343.09 | Trailing: False
2026-06-24 17:26:12,113 INFO TICK: TSLA $376.00 | HWM $408.42 | Stop $343.09 | Trailing: False
2026-06-24 17:27:12,276 INFO TICK: TSLA $375.77 | HWM $408.42 | Stop $343.09 | Trailing: False
2026-06-24 17:28:12,450 INFO TICK: TSLA $375.75 | HWM $408.42 | Stop $343.09 | Trailing: False
2026-06-24 17:29:12,615 INFO TICK: TSLA $375.36 | HWM $408.42 | Stop $343.09 | Trailing: False
2026-06-24 17:30:13,003 INFO TICK: TSLA $375.47 | HWM $408.42 | Stop $343.09 | Trailing: False
2026-06-24 17:31:13,297 INFO TICK: TSLA $375.46 | HWM $408.42 | Stop $343.09 | Trailing: False
2026-06-24 17:32:13,682 INFO TICK: TSLA $375.14 | HWM $408.42 | Stop $343.09 | Trailing: False
2026-06-24 17:33:14,535 INFO TICK: TSLA $374.96 | HWM $408.42 | Stop $343.09 | Trailing: False
2026-06-24 17:34:14,814 INFO TICK: TSLA $375.12 | HWM $408.42 | Stop $343.09 | Trailing: False
2026-06-24 17:35:14,988 INFO TICK: TSLA $375.62 | HWM $408.42 | Stop $343.09 | Trailing: False
2026-06-24 17:36:15,171 INFO TICK: TSLA $375.20 | HWM $408.42 | Stop $343.09 | Trailing: False
2026-06-24 17:37:15,344 INFO TICK: TSLA $375.00 | HWM $408.42 | Stop $343.09 | Trailing: False
2026-06-24 17:38:15,529 INFO TICK: TSLA $374.53 | HWM $408.42 | Stop $343.09 | Trailing: False
2026-06-24 17:39:16,130 INFO TICK: TSLA $374.87 | HWM $408.42 | Stop $343.09 | Trailing: False
2026-06-24 17:40:16,302 INFO TICK: TSLA $375.15 | HWM $408.42 | Stop $343.09 | Trailing: False
2026-06-24 17:41:16,472 INFO TICK: TSLA $375.05 | HWM $408.42 | Stop $343.09 | Trailing: False
2026-06-24 17:42:16,630 INFO TICK: TSLA $375.08 | HWM $408.42 | Stop $343.09 | Trailing: False
2026-06-24 17:43:17,000 INFO TICK: TSLA $374.85 | HWM $408.42 | Stop $343.09 | Trailing: False
2026-06-24 17:44:17,221 INFO TICK: TSLA $374.79 | HWM $408.42 | Stop $343.09 | Trailing: False
2026-06-24 17:45:17,377 INFO TICK: TSLA $374.81 | HWM $408.42 | Stop $343.09 | Trailing: False
2026-06-24 17:46:17,603 INFO TICK: TSLA $374.49 | HWM $408.42 | Stop $343.09 | Trailing: False
2026-06-24 17:47:17,771 INFO TICK: TSLA $374.78 | HWM $408.42 | Stop $343.09 | Trailing: False
2026-06-24 17:48:18,315 INFO TICK: TSLA $374.84 | HWM $408.42 | Stop $343.09 | Trailing: False
2026-06-24 17:49:18,722 INFO TICK: TSLA $374.88 | HWM $408.42 | Stop $343.09 | Trailing: False
2026-06-24 17:50:19,186 INFO TICK: TSLA $375.00 | HWM $408.42 | Stop $343.09 | Trailing: False
2026-06-24 17:51:19,456 INFO TICK: TSLA $374.57 | HWM $408.42 | Stop $343.09 | Trailing: False
2026-06-24 17:52:19,610 INFO TICK: TSLA $374.58 | HWM $408.42 | Stop $343.09 | Trailing: False
2026-06-24 17:53:19,889 INFO TICK: TSLA $374.75 | HWM $408.42 | Stop $343.09 | Trailing: False
2026-06-24 17:54:20,073 INFO TICK: TSLA $374.75 | HWM $408.42 | Stop $343.09 | Trailing: False
2026-06-24 17:55:20,428 INFO TICK: TSLA $375.07 | HWM $408.42 | Stop $343.09 | Trailing: False
2026-06-24 17:56:20,697 INFO TICK: TSLA $375.16 | HWM $408.42 | Stop $343.09 | Trailing: False
2026-06-24 17:57:20,995 INFO TICK: TSLA $375.17 | HWM $408.42 | Stop $343.09 | Trailing: False
2026-06-24 17:58:21,265 INFO TICK: TSLA $374.61 | HWM $408.42 | Stop $343.09 | Trailing: False
2026-06-24 17:59:21,663 INFO TICK: TSLA $374.60 | HWM $408.42 | Stop $343.09 | Trailing: False
2026-06-24 18:00:21,832 INFO TICK: TSLA $374.66 | HWM $408.42 | Stop $343.09 | Trailing: False
2026-06-24 18:01:21,998 INFO TICK: TSLA $374.94 | HWM $408.42 | Stop $343.09 | Trailing: False
2026-06-24 18:02:22,265 INFO TICK: TSLA $374.88 | HWM $408.42 | Stop $343.09 | Trailing: False
2026-06-24 18:03:22,421 INFO TICK: TSLA $374.67 | HWM $408.42 | Stop $343.09 | Trailing: False
2026-06-24 18:04:22,601 INFO TICK: TSLA $374.70 | HWM $408.42 | Stop $343.09 | Trailing: False
2026-06-24 18:05:23,112 INFO TICK: TSLA $374.12 | HWM $408.42 | Stop $343.09 | Trailing: False
2026-06-24 18:06:23,574 INFO TICK: TSLA $374.50 | HWM $408.42 | Stop $343.09 | Trailing: False
2026-06-24 18:07:23,746 INFO TICK: TSLA $374.69 | HWM $408.42 | Stop $343.09 | Trailing: False
2026-06-24 18:08:23,943 INFO TICK: TSLA $374.44 | HWM $408.42 | Stop $343.09 | Trailing: False
2026-06-24 18:09:24,372 INFO TICK: TSLA $374.44 | HWM $408.42 | Stop $343.09 | Trailing: False
2026-06-24 18:10:24,589 INFO TICK: TSLA $374.21 | HWM $408.42 | Stop $343.09 | Trailing: False
2026-06-24 18:11:24,759 INFO TICK: TSLA $374.09 | HWM $408.42 | Stop $343.09 | Trailing: False
2026-06-24 18:12:24,956 INFO TICK: TSLA $374.00 | HWM $408.42 | Stop $343.09 | Trailing: False
2026-06-24 18:13:25,152 INFO TICK: TSLA $374.54 | HWM $408.42 | Stop $343.09 | Trailing: False
2026-06-24 18:14:25,423 INFO TICK: TSLA $374.71 | HWM $408.42 | Stop $343.09 | Trailing: False
2026-06-24 18:15:25,768 INFO TICK: TSLA $375.57 | HWM $408.42 | Stop $343.09 | Trailing: False
2026-06-24 18:16:26,511 INFO TICK: TSLA $376.01 | HWM $408.42 | Stop $343.09 | Trailing: False
2026-06-24 18:17:26,671 INFO TICK: TSLA $376.26 | HWM $408.42 | Stop $343.09 | Trailing: False
2026-06-24 18:18:26,855 INFO TICK: TSLA $376.03 | HWM $408.42 | Stop $343.09 | Trailing: False
2026-06-24 18:19:27,023 INFO TICK: TSLA $376.73 | HWM $408.42 | Stop $343.09 | Trailing: False
2026-06-24 18:20:27,198 INFO TICK: TSLA $376.53 | HWM $408.42 | Stop $343.09 | Trailing: False
2026-06-24 18:21:27,435 INFO TICK: TSLA $376.64 | HWM $408.42 | Stop $343.09 | Trailing: False
2026-06-24 18:22:27,628 INFO TICK: TSLA $376.64 | HWM $408.42 | Stop $343.09 | Trailing: False
2026-06-24 18:23:27,815 INFO TICK: TSLA $376.63 | HWM $408.42 | Stop $343.09 | Trailing: False
2026-06-24 18:24:28,240 INFO TICK: TSLA $377.06 | HWM $408.42 | Stop $343.09 | Trailing: False
2026-06-24 18:25:28,449 INFO TICK: TSLA $377.34 | HWM $408.42 | Stop $343.09 | Trailing: False
2026-06-24 18:26:28,629 INFO TICK: TSLA $377.23 | HWM $408.42 | Stop $343.09 | Trailing: False
2026-06-24 18:27:28,810 INFO TICK: TSLA $377.41 | HWM $408.42 | Stop $343.09 | Trailing: False
2026-06-24 18:28:28,983 INFO TICK: TSLA $377.31 | HWM $408.42 | Stop $343.09 | Trailing: False
2026-06-24 18:29:29,152 INFO TICK: TSLA $377.27 | HWM $408.42 | Stop $343.09 | Trailing: False
2026-06-24 18:30:29,348 INFO TICK: TSLA $376.93 | HWM $408.42 | Stop $343.09 | Trailing: False
2026-06-24 18:31:29,620 INFO TICK: TSLA $377.03 | HWM $408.42 | Stop $343.09 | Trailing: False
2026-06-24 18:32:29,801 INFO TICK: TSLA $376.80 | HWM $408.42 | Stop $343.09 | Trailing: False
2026-06-24 18:33:30,012 INFO TICK: TSLA $376.94 | HWM $408.42 | Stop $343.09 | Trailing: False
2026-06-24 18:34:30,393 INFO TICK: TSLA $376.90 | HWM $408.42 | Stop $343.09 | Trailing: False
2026-06-24 18:35:30,569 INFO TICK: TSLA $376.67 | HWM $408.42 | Stop $343.09 | Trailing: False
2026-06-24 18:36:30,752 INFO TICK: TSLA $376.40 | HWM $408.42 | Stop $343.09 | Trailing: False
2026-06-24 18:37:30,976 INFO TICK: TSLA $376.68 | HWM $408.42 | Stop $343.09 | Trailing: False
2026-06-24 18:38:31,181 INFO TICK: TSLA $376.75 | HWM $408.42 | Stop $343.09 | Trailing: False
2026-06-24 18:39:31,393 INFO TICK: TSLA $376.59 | HWM $408.42 | Stop $343.09 | Trailing: False
2026-06-24 18:40:31,601 INFO TICK: TSLA $376.33 | HWM $408.42 | Stop $343.09 | Trailing: False
2026-06-24 18:41:31,758 INFO TICK: TSLA $375.89 | HWM $408.42 | Stop $343.09 | Trailing: False
2026-06-24 18:42:32,030 INFO TICK: TSLA $376.00 | HWM $408.42 | Stop $343.09 | Trailing: False
2026-06-24 18:43:32,200 INFO TICK: TSLA $375.69 | HWM $408.42 | Stop $343.09 | Trailing: False
2026-06-24 18:44:32,944 INFO TICK: TSLA $375.69 | HWM $408.42 | Stop $343.09 | Trailing: False
2026-06-24 18:45:33,219 INFO TICK: TSLA $375.71 | HWM $408.42 | Stop $343.09 | Trailing: False
2026-06-24 18:46:33,681 INFO TICK: TSLA $375.84 | HWM $408.42 | Stop $343.09 | Trailing: False
2026-06-24 18:47:33,902 INFO TICK: TSLA $375.49 | HWM $408.42 | Stop $343.09 | Trailing: False
2026-06-24 18:48:34,186 INFO TICK: TSLA $375.11 | HWM $408.42 | Stop $343.09 | Trailing: False
2026-06-24 18:49:38,304 INFO TICK: TSLA $374.49 | HWM $408.42 | Stop $343.09 | Trailing: False
2026-06-24 18:50:38,496 INFO TICK: TSLA $374.14 | HWM $408.42 | Stop $343.09 | Trailing: False
2026-06-24 18:51:38,863 INFO TICK: TSLA $374.35 | HWM $408.42 | Stop $343.09 | Trailing: False
2026-06-24 18:52:39,049 INFO TICK: TSLA $374.40 | HWM $408.42 | Stop $343.09 | Trailing: False
2026-06-24 18:53:39,203 INFO TICK: TSLA $374.29 | HWM $408.42 | Stop $343.09 | Trailing: False
2026-06-24 18:54:39,411 INFO TICK: TSLA $374.66 | HWM $408.42 | Stop $343.09 | Trailing: False
2026-06-24 18:55:39,605 INFO TICK: TSLA $374.78 | HWM $408.42 | Stop $343.09 | Trailing: False
2026-06-24 18:56:39,783 INFO TICK: TSLA $374.85 | HWM $408.42 | Stop $343.09 | Trailing: False
2026-06-24 18:57:39,940 INFO TICK: TSLA $375.18 | HWM $408.42 | Stop $343.09 | Trailing: False
2026-06-24 18:58:40,488 INFO TICK: TSLA $374.30 | HWM $408.42 | Stop $343.09 | Trailing: False
2026-06-24 18:59:40,938 INFO TICK: TSLA $374.05 | HWM $408.42 | Stop $343.09 | Trailing: False
2026-06-24 19:00:41,092 INFO TICK: TSLA $373.54 | HWM $408.42 | Stop $343.09 | Trailing: False
2026-06-24 19:01:41,261 INFO TICK: TSLA $373.72 | HWM $408.42 | Stop $343.09 | Trailing: False
2026-06-24 19:02:41,445 INFO TICK: TSLA $374.10 | HWM $408.42 | Stop $343.09 | Trailing: False
2026-06-24 19:03:41,669 INFO TICK: TSLA $374.49 | HWM $408.42 | Stop $343.09 | Trailing: False
2026-06-24 19:04:42,064 INFO TICK: TSLA $374.67 | HWM $408.42 | Stop $343.09 | Trailing: False
2026-06-24 19:05:42,262 INFO TICK: TSLA $374.51 | HWM $408.42 | Stop $343.09 | Trailing: False
2026-06-24 19:06:42,412 INFO TICK: TSLA $373.74 | HWM $408.42 | Stop $343.09 | Trailing: False
2026-06-24 19:07:42,597 INFO TICK: TSLA $373.57 | HWM $408.42 | Stop $343.09 | Trailing: False
2026-06-24 19:08:43,310 INFO TICK: TSLA $373.41 | HWM $408.42 | Stop $343.09 | Trailing: False
2026-06-24 19:09:43,978 INFO TICK: TSLA $373.74 | HWM $408.42 | Stop $343.09 | Trailing: False
2026-06-24 19:10:44,153 INFO TICK: TSLA $373.65 | HWM $408.42 | Stop $343.09 | Trailing: False
2026-06-24 19:11:44,309 INFO TICK: TSLA $373.37 | HWM $408.42 | Stop $343.09 | Trailing: False
2026-06-24 19:12:44,730 INFO TICK: TSLA $373.15 | HWM $408.42 | Stop $343.09 | Trailing: False
2026-06-24 19:13:45,033 INFO TICK: TSLA $373.31 | HWM $408.42 | Stop $343.09 | Trailing: False
2026-06-24 19:14:45,233 INFO TICK: TSLA $373.61 | HWM $408.42 | Stop $343.09 | Trailing: False
2026-06-24 19:15:45,737 INFO TICK: TSLA $373.74 | HWM $408.42 | Stop $343.09 | Trailing: False
2026-06-24 19:16:45,924 INFO TICK: TSLA $373.52 | HWM $408.42 | Stop $343.09 | Trailing: False
2026-06-24 19:17:46,496 INFO TICK: TSLA $374.07 | HWM $408.42 | Stop $343.09 | Trailing: False
2026-06-24 19:18:46,840 INFO TICK: TSLA $374.46 | HWM $408.42 | Stop $343.09 | Trailing: False
2026-06-24 19:19:47,160 INFO TICK: TSLA $374.36 | HWM $408.42 | Stop $343.09 | Trailing: False
2026-06-24 19:20:47,340 INFO TICK: TSLA $374.33 | HWM $408.42 | Stop $343.09 | Trailing: False
2026-06-24 19:21:47,523 INFO TICK: TSLA $374.32 | HWM $408.42 | Stop $343.09 | Trailing: False
2026-06-24 19:22:47,743 INFO TICK: TSLA $375.24 | HWM $408.42 | Stop $343.09 | Trailing: False
2026-06-24 19:23:47,919 INFO TICK: TSLA $375.05 | HWM $408.42 | Stop $343.09 | Trailing: False
2026-06-24 19:24:48,106 INFO TICK: TSLA $375.26 | HWM $408.42 | Stop $343.09 | Trailing: False
2026-06-24 19:25:48,876 INFO TICK: TSLA $375.74 | HWM $408.42 | Stop $343.09 | Trailing: False
2026-06-24 19:26:49,081 INFO TICK: TSLA $375.84 | HWM $408.42 | Stop $343.09 | Trailing: False
2026-06-24 19:27:49,327 INFO TICK: TSLA $375.80 | HWM $408.42 | Stop $343.09 | Trailing: False
2026-06-24 19:28:49,515 INFO TICK: TSLA $376.13 | HWM $408.42 | Stop $343.09 | Trailing: False
2026-06-24 19:29:49,669 INFO TICK: TSLA $376.20 | HWM $408.42 | Stop $343.09 | Trailing: False
2026-06-24 19:30:50,022 INFO TICK: TSLA $376.20 | HWM $408.42 | Stop $343.09 | Trailing: False
2026-06-24 19:31:50,302 INFO TICK: TSLA $375.85 | HWM $408.42 | Stop $343.09 | Trailing: False
2026-06-24 19:32:50,539 INFO TICK: TSLA $375.85 | HWM $408.42 | Stop $343.09 | Trailing: False
2026-06-24 19:33:50,935 INFO TICK: TSLA $375.66 | HWM $408.42 | Stop $343.09 | Trailing: False
2026-06-24 19:34:51,117 INFO TICK: TSLA $375.81 | HWM $408.42 | Stop $343.09 | Trailing: False
2026-06-24 19:35:51,495 INFO TICK: TSLA $375.88 | HWM $408.42 | Stop $343.09 | Trailing: False
2026-06-24 19:36:51,825 INFO TICK: TSLA $376.16 | HWM $408.42 | Stop $343.09 | Trailing: False
2026-06-24 19:37:52,053 INFO TICK: TSLA $375.97 | HWM $408.42 | Stop $343.09 | Trailing: False
2026-06-24 19:38:52,267 INFO TICK: TSLA $375.64 | HWM $408.42 | Stop $343.09 | Trailing: False
2026-06-24 19:39:52,455 INFO TICK: TSLA $375.89 | HWM $408.42 | Stop $343.09 | Trailing: False
2026-06-24 19:40:53,049 INFO TICK: TSLA $375.71 | HWM $408.42 | Stop $343.09 | Trailing: False
2026-06-24 19:41:53,236 INFO TICK: TSLA $375.59 | HWM $408.42 | Stop $343.09 | Trailing: False
2026-06-24 19:42:53,427 INFO TICK: TSLA $375.39 | HWM $408.42 | Stop $343.09 | Trailing: False
2026-06-24 19:43:53,659 INFO TICK: TSLA $375.81 | HWM $408.42 | Stop $343.09 | Trailing: False
2026-06-24 19:44:53,829 INFO TICK: TSLA $375.92 | HWM $408.42 | Stop $343.09 | Trailing: False
2026-06-24 19:45:54,442 INFO TICK: TSLA $376.48 | HWM $408.42 | Stop $343.09 | Trailing: False
2026-06-24 19:46:54,604 INFO TICK: TSLA $376.44 | HWM $408.42 | Stop $343.09 | Trailing: False
2026-06-24 19:47:55,075 INFO TICK: TSLA $376.38 | HWM $408.42 | Stop $343.09 | Trailing: False
2026-06-24 19:48:55,321 INFO TICK: TSLA $376.19 | HWM $408.42 | Stop $343.09 | Trailing: False
2026-06-24 19:49:55,488 INFO TICK: TSLA $376.42 | HWM $408.42 | Stop $343.09 | Trailing: False
