2026-06-22 18:03:52,092 INFO ORB session loop started
2026-06-22 18:03:53,211 INFO SELL QQQ x2 | order a639ade5-c43f-42a8-b786-61c210e4d262
2026-06-22 18:03:53,673 INFO ENTRY short QQQ x2 @ $737.06 | OR[740.43-744.02] | stop $744.02
2026-06-22 18:04:24,110 INFO MANAGING QQQ @ $737.04 | P&L $-0.12 | stop 744.02
2026-06-22 18:04:54,540 INFO MANAGING QQQ @ $737.15 | P&L $-0.34 | stop 744.02
2026-06-22 18:05:24,967 INFO MANAGING QQQ @ $737.22 | P&L $-0.47 | stop 744.02
2026-06-22 18:05:55,393 INFO MANAGING QQQ @ $737.25 | P&L $-0.54 | stop 744.02
2026-06-22 18:06:25,811 INFO MANAGING QQQ @ $737.17 | P&L $-0.38 | stop 744.02
2026-06-22 18:06:56,249 INFO MANAGING QQQ @ $737.43 | P&L $-0.90 | stop 744.02
2026-06-22 18:07:26,870 INFO MANAGING QQQ @ $737.47 | P&L $-0.98 | stop 744.02
2026-06-22 18:07:57,285 INFO MANAGING QQQ @ $737.41 | P&L $-0.86 | stop 744.02
2026-06-22 18:08:27,737 INFO MANAGING QQQ @ $737.42 | P&L $-0.89 | stop 744.02
2026-06-22 18:08:58,143 INFO MANAGING QQQ @ $737.40 | P&L $-0.84 | stop 744.02
2026-06-22 18:09:28,577 INFO MANAGING QQQ @ $737.40 | P&L $-0.84 | stop 744.02
2026-06-22 18:09:59,002 INFO MANAGING QQQ @ $737.50 | P&L $-1.04 | stop 744.02
2026-06-22 18:10:29,449 INFO MANAGING QQQ @ $737.59 | P&L $-1.22 | stop 744.02
2026-06-22 18:10:59,898 INFO MANAGING QQQ @ $737.64 | P&L $-1.32 | stop 744.02
2026-06-22 18:11:30,440 INFO MANAGING QQQ @ $737.46 | P&L $-0.96 | stop 744.02
2026-06-22 18:12:00,852 INFO MANAGING QQQ @ $737.22 | P&L $-0.48 | stop 744.02
2026-06-22 18:12:31,305 INFO MANAGING QQQ @ $737.38 | P&L $-0.80 | stop 744.02
2026-06-22 18:13:01,733 INFO MANAGING QQQ @ $737.33 | P&L $-0.70 | stop 744.02
2026-06-22 18:13:32,137 INFO MANAGING QQQ @ $737.51 | P&L $-1.06 | stop 744.02
2026-06-22 18:14:02,806 INFO MANAGING QQQ @ $737.49 | P&L $-1.02 | stop 744.02
2026-06-22 18:14:33,229 INFO MANAGING QQQ @ $737.37 | P&L $-0.78 | stop 744.02
2026-06-22 18:15:04,059 INFO MANAGING QQQ @ $737.53 | P&L $-1.10 | stop 744.02
2026-06-22 18:15:34,473 INFO MANAGING QQQ @ $737.66 | P&L $-1.37 | stop 744.02
2026-06-22 18:16:04,964 INFO MANAGING QQQ @ $737.66 | P&L $-1.36 | stop 744.02
2026-06-22 18:16:35,506 INFO MANAGING QQQ @ $737.90 | P&L $-1.84 | stop 744.02
2026-06-22 18:17:06,258 INFO MANAGING QQQ @ $737.85 | P&L $-1.74 | stop 744.02
2026-06-22 18:17:37,042 INFO MANAGING QQQ @ $737.78 | P&L $-1.60 | stop 744.02
2026-06-22 18:18:07,482 INFO MANAGING QQQ @ $737.79 | P&L $-1.62 | stop 744.02
2026-06-22 18:18:37,951 INFO MANAGING QQQ @ $737.87 | P&L $-1.78 | stop 744.02
2026-06-22 18:19:08,422 INFO MANAGING QQQ @ $737.79 | P&L $-1.62 | stop 744.02
2026-06-22 18:19:39,077 INFO MANAGING QQQ @ $737.75 | P&L $-1.54 | stop 744.02
2026-06-22 18:20:09,509 INFO MANAGING QQQ @ $737.79 | P&L $-1.61 | stop 744.02
2026-06-22 18:20:39,973 INFO MANAGING QQQ @ $738.18 | P&L $-2.41 | stop 744.02
2026-06-22 18:21:10,403 INFO MANAGING QQQ @ $738.15 | P&L $-2.34 | stop 744.02
2026-06-22 18:21:40,890 INFO MANAGING QQQ @ $738.17 | P&L $-2.38 | stop 744.02
2026-06-22 18:22:11,329 INFO MANAGING QQQ @ $738.09 | P&L $-2.22 | stop 744.02
2026-06-22 18:22:41,729 INFO MANAGING QQQ @ $737.92 | P&L $-1.89 | stop 744.02
2026-06-22 18:23:12,176 INFO MANAGING QQQ @ $737.85 | P&L $-1.74 | stop 744.02
2026-06-22 18:23:42,616 INFO MANAGING QQQ @ $737.79 | P&L $-1.62 | stop 744.02
2026-06-22 18:24:13,076 INFO MANAGING QQQ @ $737.82 | P&L $-1.67 | stop 744.02
2026-06-22 18:24:43,495 INFO MANAGING QQQ @ $737.87 | P&L $-1.78 | stop 744.02
2026-06-22 18:25:13,896 INFO MANAGING QQQ @ $737.82 | P&L $-1.68 | stop 744.02
2026-06-22 18:25:44,344 INFO MANAGING QQQ @ $737.76 | P&L $-1.56 | stop 744.02
2026-06-22 18:26:14,782 INFO MANAGING QQQ @ $737.69 | P&L $-1.42 | stop 744.02
2026-06-22 18:26:45,203 INFO MANAGING QQQ @ $737.28 | P&L $-0.61 | stop 744.02
2026-06-22 18:27:15,617 INFO MANAGING QQQ @ $737.32 | P&L $-0.68 | stop 744.02
2026-06-22 18:27:46,114 INFO MANAGING QQQ @ $737.48 | P&L $-1.00 | stop 744.02
2026-06-22 18:28:16,729 INFO MANAGING QQQ @ $737.36 | P&L $-0.75 | stop 744.02
2026-06-22 18:28:47,597 INFO MANAGING QQQ @ $737.32 | P&L $-0.68 | stop 744.02
2026-06-22 18:29:18,055 INFO MANAGING QQQ @ $737.30 | P&L $-0.64 | stop 744.02
2026-06-22 18:29:48,480 INFO MANAGING QQQ @ $737.42 | P&L $-0.88 | stop 744.02
2026-06-22 18:30:18,909 INFO MANAGING QQQ @ $737.70 | P&L $-1.44 | stop 744.02
2026-06-22 18:30:49,354 INFO MANAGING QQQ @ $737.71 | P&L $-1.46 | stop 744.02
2026-06-22 18:31:19,872 INFO MANAGING QQQ @ $737.67 | P&L $-1.38 | stop 744.02
2026-06-22 18:31:50,425 INFO MANAGING QQQ @ $737.78 | P&L $-1.60 | stop 744.02
2026-06-22 18:32:20,857 INFO MANAGING QQQ @ $737.86 | P&L $-1.76 | stop 744.02
2026-06-22 18:32:51,317 INFO MANAGING QQQ @ $737.79 | P&L $-1.62 | stop 744.02
2026-06-22 18:33:21,799 INFO MANAGING QQQ @ $737.77 | P&L $-1.58 | stop 744.02
2026-06-22 18:33:52,230 INFO MANAGING QQQ @ $737.45 | P&L $-0.94 | stop 744.02
2026-06-22 18:34:22,671 INFO MANAGING QQQ @ $737.39 | P&L $-0.82 | stop 744.02
2026-06-22 18:34:53,128 INFO MANAGING QQQ @ $737.44 | P&L $-0.92 | stop 744.02
2026-06-22 18:35:23,538 INFO MANAGING QQQ @ $737.31 | P&L $-0.66 | stop 744.02
2026-06-22 18:35:53,982 INFO MANAGING QQQ @ $737.33 | P&L $-0.70 | stop 744.02
2026-06-22 18:36:24,403 INFO MANAGING QQQ @ $737.23 | P&L $-0.50 | stop 744.02
2026-06-22 18:36:54,848 INFO MANAGING QQQ @ $737.47 | P&L $-0.98 | stop 744.02
2026-06-22 18:37:25,273 INFO MANAGING QQQ @ $737.42 | P&L $-0.88 | stop 744.02
2026-06-22 18:37:55,690 INFO MANAGING QQQ @ $737.39 | P&L $-0.82 | stop 744.02
2026-06-22 18:38:26,162 INFO MANAGING QQQ @ $737.60 | P&L $-1.24 | stop 744.02
2026-06-22 18:38:56,588 INFO MANAGING QQQ @ $737.48 | P&L $-1.00 | stop 744.02
2026-06-22 18:39:27,029 INFO MANAGING QQQ @ $737.30 | P&L $-0.64 | stop 744.02
2026-06-22 18:39:57,481 INFO MANAGING QQQ @ $737.09 | P&L $-0.22 | stop 744.02
2026-06-22 18:40:27,895 INFO MANAGING QQQ @ $737.16 | P&L $-0.36 | stop 744.02
2026-06-22 18:40:58,359 INFO MANAGING QQQ @ $737.02 | P&L $-0.08 | stop 744.02
2026-06-22 18:41:28,824 INFO MANAGING QQQ @ $737.01 | P&L $-0.06 | stop 744.02
2026-06-22 18:41:59,255 INFO MANAGING QQQ @ $736.91 | P&L $+0.14 | stop 744.02
2026-06-22 18:42:29,707 INFO MANAGING QQQ @ $736.93 | P&L $+0.10 | stop 744.02
2026-06-22 18:43:00,160 INFO MANAGING QQQ @ $736.87 | P&L $+0.22 | stop 744.02
2026-06-22 18:43:30,596 INFO MANAGING QQQ @ $736.71 | P&L $+0.54 | stop 744.02
2026-06-22 18:44:01,041 INFO MANAGING QQQ @ $736.72 | P&L $+0.52 | stop 744.02
2026-06-22 18:44:31,474 INFO MANAGING QQQ @ $736.47 | P&L $+1.02 | stop 744.02
2026-06-22 18:45:02,490 INFO MANAGING QQQ @ $736.32 | P&L $+1.32 | stop 744.02
2026-06-22 18:45:32,991 INFO MANAGING QQQ @ $736.45 | P&L $+1.06 | stop 744.02
2026-06-22 18:46:03,436 INFO MANAGING QQQ @ $736.47 | P&L $+1.02 | stop 744.02
2026-06-22 18:46:33,874 INFO MANAGING QQQ @ $736.46 | P&L $+1.05 | stop 744.02
2026-06-22 18:47:04,365 INFO MANAGING QQQ @ $736.55 | P&L $+0.86 | stop 744.02
2026-06-22 18:47:34,813 INFO MANAGING QQQ @ $736.86 | P&L $+0.24 | stop 744.02
2026-06-22 18:48:05,248 INFO MANAGING QQQ @ $736.70 | P&L $+0.56 | stop 744.02
2026-06-22 18:48:35,680 INFO MANAGING QQQ @ $736.74 | P&L $+0.48 | stop 744.02
2026-06-22 18:49:06,380 INFO MANAGING QQQ @ $736.74 | P&L $+0.48 | stop 744.02
2026-06-22 18:49:37,023 INFO MANAGING QQQ @ $736.74 | P&L $+0.48 | stop 744.02
2026-06-22 18:50:07,652 INFO MANAGING QQQ @ $736.77 | P&L $+0.42 | stop 744.02
2026-06-22 18:50:38,083 INFO MANAGING QQQ @ $736.60 | P&L $+0.77 | stop 744.02
2026-06-22 18:51:08,510 INFO MANAGING QQQ @ $736.48 | P&L $+1.00 | stop 744.02
2026-06-22 18:51:39,002 INFO MANAGING QQQ @ $736.58 | P&L $+0.81 | stop 744.02
2026-06-22 18:52:09,416 INFO MANAGING QQQ @ $736.42 | P&L $+1.11 | stop 744.02
2026-06-22 18:52:39,840 INFO MANAGING QQQ @ $736.02 | P&L $+1.92 | stop 744.02
2026-06-22 18:53:10,693 INFO MANAGING QQQ @ $735.99 | P&L $+1.98 | stop 744.02
2026-06-22 18:53:41,142 INFO MANAGING QQQ @ $736.02 | P&L $+1.92 | stop 744.02
2026-06-22 18:54:11,569 INFO MANAGING QQQ @ $735.75 | P&L $+2.46 | stop 744.02
2026-06-22 18:54:41,985 INFO MANAGING QQQ @ $735.95 | P&L $+2.07 | stop 744.02
2026-06-22 18:55:12,427 INFO MANAGING QQQ @ $736.04 | P&L $+1.88 | stop 744.02
2026-06-22 18:55:42,969 INFO MANAGING QQQ @ $735.89 | P&L $+2.18 | stop 744.02
2026-06-22 18:56:13,390 INFO MANAGING QQQ @ $735.69 | P&L $+2.58 | stop 744.02
2026-06-22 18:56:44,204 INFO MANAGING QQQ @ $735.95 | P&L $+2.06 | stop 744.02
2026-06-22 18:57:14,823 INFO MANAGING QQQ @ $736.05 | P&L $+1.85 | stop 744.02
2026-06-22 18:57:45,251 INFO MANAGING QQQ @ $735.77 | P&L $+2.42 | stop 744.02
2026-06-22 18:58:15,674 INFO MANAGING QQQ @ $735.77 | P&L $+2.42 | stop 744.02
2026-06-22 18:58:46,136 INFO MANAGING QQQ @ $735.66 | P&L $+2.64 | stop 744.02
2026-06-22 18:59:16,673 INFO MANAGING QQQ @ $735.70 | P&L $+2.56 | stop 744.02
2026-06-22 18:59:47,673 INFO MANAGING QQQ @ $735.68 | P&L $+2.60 | stop 744.02
2026-06-22 19:00:18,144 INFO MANAGING QQQ @ $735.74 | P&L $+2.48 | stop 744.02
2026-06-22 19:00:48,550 INFO MANAGING QQQ @ $735.74 | P&L $+2.48 | stop 744.02
2026-06-22 19:01:18,964 INFO MANAGING QQQ @ $735.90 | P&L $+2.16 | stop 744.02
2026-06-22 19:01:49,377 INFO MANAGING QQQ @ $735.87 | P&L $+2.22 | stop 744.02
2026-06-22 19:02:19,820 INFO MANAGING QQQ @ $736.10 | P&L $+1.77 | stop 744.02
2026-06-22 19:02:50,226 INFO MANAGING QQQ @ $736.36 | P&L $+1.24 | stop 744.02
2026-06-22 19:03:20,918 INFO MANAGING QQQ @ $736.51 | P&L $+0.94 | stop 744.02
2026-06-22 19:03:51,328 INFO MANAGING QQQ @ $736.54 | P&L $+0.88 | stop 744.02
2026-06-22 19:04:21,760 INFO MANAGING QQQ @ $736.45 | P&L $+1.06 | stop 744.02
2026-06-22 19:04:52,184 INFO MANAGING QQQ @ $736.43 | P&L $+1.09 | stop 744.02
2026-06-22 19:05:22,711 INFO MANAGING QQQ @ $736.17 | P&L $+1.62 | stop 744.02
2026-06-22 19:05:53,124 INFO MANAGING QQQ @ $736.01 | P&L $+1.94 | stop 744.02
2026-06-22 19:06:23,527 INFO MANAGING QQQ @ $736.03 | P&L $+1.90 | stop 744.02
2026-06-22 19:06:53,933 INFO MANAGING QQQ @ $736.10 | P&L $+1.76 | stop 744.02
2026-06-22 19:07:24,336 INFO MANAGING QQQ @ $735.78 | P&L $+2.40 | stop 744.02
2026-06-22 19:07:54,749 INFO MANAGING QQQ @ $735.50 | P&L $+2.95 | stop 744.02
2026-06-22 19:08:25,177 INFO MANAGING QQQ @ $735.36 | P&L $+3.24 | stop 744.02
2026-06-22 19:08:55,780 INFO MANAGING QQQ @ $735.42 | P&L $+3.12 | stop 744.02
2026-06-22 19:09:26,206 INFO MANAGING QQQ @ $735.75 | P&L $+2.46 | stop 744.02
2026-06-22 19:09:56,622 INFO MANAGING QQQ @ $735.75 | P&L $+2.46 | stop 744.02
2026-06-22 19:10:27,092 INFO MANAGING QQQ @ $735.70 | P&L $+2.56 | stop 744.02
2026-06-22 19:10:57,519 INFO MANAGING QQQ @ $735.50 | P&L $+2.96 | stop 744.02
2026-06-22 19:11:28,077 INFO MANAGING QQQ @ $736.02 | P&L $+1.92 | stop 744.02
2026-06-22 19:11:58,536 INFO MANAGING QQQ @ $736.08 | P&L $+1.81 | stop 744.02
2026-06-22 19:12:28,985 INFO MANAGING QQQ @ $736.27 | P&L $+1.42 | stop 744.02
2026-06-22 19:12:59,451 INFO MANAGING QQQ @ $736.08 | P&L $+1.80 | stop 744.02
2026-06-22 19:13:30,209 INFO MANAGING QQQ @ $736.07 | P&L $+1.82 | stop 744.02
2026-06-22 19:14:00,670 INFO MANAGING QQQ @ $736.00 | P&L $+1.96 | stop 744.02
2026-06-22 19:14:31,109 INFO MANAGING QQQ @ $736.15 | P&L $+1.66 | stop 744.02
2026-06-22 19:15:03,047 INFO MANAGING QQQ @ $736.12 | P&L $+1.72 | stop 744.02
2026-06-22 19:15:33,597 INFO MANAGING QQQ @ $735.98 | P&L $+2.00 | stop 744.02
2026-06-22 19:16:04,075 INFO MANAGING QQQ @ $735.92 | P&L $+2.12 | stop 744.02
2026-06-22 19:16:34,504 INFO MANAGING QQQ @ $735.88 | P&L $+2.20 | stop 744.02
2026-06-22 19:17:05,238 INFO MANAGING QQQ @ $735.90 | P&L $+2.16 | stop 744.02
2026-06-22 19:17:35,737 INFO MANAGING QQQ @ $735.93 | P&L $+2.10 | stop 744.02
2026-06-22 19:18:06,268 INFO MANAGING QQQ @ $736.01 | P&L $+1.94 | stop 744.02
2026-06-22 19:18:36,923 INFO MANAGING QQQ @ $736.09 | P&L $+1.78 | stop 744.02
2026-06-22 19:19:07,399 INFO MANAGING QQQ @ $736.17 | P&L $+1.61 | stop 744.02
2026-06-22 19:19:37,832 INFO MANAGING QQQ @ $736.33 | P&L $+1.30 | stop 744.02
2026-06-22 19:20:08,271 INFO MANAGING QQQ @ $736.03 | P&L $+1.90 | stop 744.02
2026-06-22 19:20:38,705 INFO MANAGING QQQ @ $736.22 | P&L $+1.52 | stop 744.02
2026-06-22 19:21:09,129 INFO MANAGING QQQ @ $735.99 | P&L $+1.99 | stop 744.02
2026-06-22 19:21:39,612 INFO MANAGING QQQ @ $735.65 | P&L $+2.66 | stop 744.02
2026-06-22 19:22:10,065 INFO MANAGING QQQ @ $735.64 | P&L $+2.68 | stop 744.02
2026-06-22 19:22:40,537 INFO MANAGING QQQ @ $735.52 | P&L $+2.92 | stop 744.02
2026-06-22 19:23:11,386 INFO MANAGING QQQ @ $735.63 | P&L $+2.70 | stop 744.02
2026-06-22 19:23:42,043 INFO MANAGING QQQ @ $735.50 | P&L $+2.97 | stop 744.02
2026-06-22 19:24:12,543 INFO MANAGING QQQ @ $735.59 | P&L $+2.79 | stop 744.02
2026-06-22 19:24:42,992 INFO MANAGING QQQ @ $735.74 | P&L $+2.48 | stop 744.02
2026-06-22 19:25:13,489 INFO MANAGING QQQ @ $735.75 | P&L $+2.45 | stop 744.02
2026-06-22 19:25:43,945 INFO MANAGING QQQ @ $735.61 | P&L $+2.74 | stop 744.02
2026-06-22 19:26:14,394 INFO MANAGING QQQ @ $735.65 | P&L $+2.66 | stop 744.02
2026-06-22 19:26:44,808 INFO MANAGING QQQ @ $735.56 | P&L $+2.84 | stop 744.02
2026-06-22 19:27:15,243 INFO MANAGING QQQ @ $735.71 | P&L $+2.54 | stop 744.02
2026-06-22 19:27:45,714 INFO MANAGING QQQ @ $735.58 | P&L $+2.80 | stop 744.02
2026-06-22 19:28:16,160 INFO MANAGING QQQ @ $735.68 | P&L $+2.60 | stop 744.02
2026-06-22 19:28:46,602 INFO MANAGING QQQ @ $735.64 | P&L $+2.68 | stop 744.02
2026-06-22 19:29:17,222 INFO MANAGING QQQ @ $735.70 | P&L $+2.56 | stop 744.02
2026-06-22 19:29:47,711 INFO MANAGING QQQ @ $735.61 | P&L $+2.74 | stop 744.02
2026-06-22 19:30:18,148 INFO MANAGING QQQ @ $735.60 | P&L $+2.76 | stop 744.02
2026-06-22 19:30:48,577 INFO MANAGING QQQ @ $735.85 | P&L $+2.26 | stop 744.02
2026-06-22 19:31:19,050 INFO MANAGING QQQ @ $736.05 | P&L $+1.85 | stop 744.02
2026-06-22 19:31:49,908 INFO MANAGING QQQ @ $735.91 | P&L $+2.14 | stop 744.02
2026-06-22 19:32:20,353 INFO MANAGING QQQ @ $736.10 | P&L $+1.76 | stop 744.02
2026-06-22 19:32:50,871 INFO MANAGING QQQ @ $736.40 | P&L $+1.16 | stop 744.02
2026-06-22 19:33:21,332 INFO MANAGING QQQ @ $736.52 | P&L $+0.92 | stop 744.02
2026-06-22 19:33:51,802 INFO MANAGING QQQ @ $736.46 | P&L $+1.04 | stop 744.02
2026-06-22 19:34:22,293 INFO MANAGING QQQ @ $736.37 | P&L $+1.22 | stop 744.02
2026-06-22 19:34:52,710 INFO MANAGING QQQ @ $736.30 | P&L $+1.36 | stop 744.02
2026-06-22 19:35:23,345 INFO MANAGING QQQ @ $736.21 | P&L $+1.54 | stop 744.02
2026-06-22 19:35:53,779 INFO MANAGING QQQ @ $736.08 | P&L $+1.80 | stop 744.02
2026-06-22 19:36:24,221 INFO MANAGING QQQ @ $736.18 | P&L $+1.60 | stop 744.02
2026-06-22 19:36:54,658 INFO MANAGING QQQ @ $736.00 | P&L $+1.96 | stop 744.02
2026-06-22 19:37:25,281 INFO MANAGING QQQ @ $736.11 | P&L $+1.74 | stop 744.02
2026-06-22 19:37:55,739 INFO MANAGING QQQ @ $736.13 | P&L $+1.71 | stop 744.02
2026-06-22 19:38:26,193 INFO MANAGING QQQ @ $736.26 | P&L $+1.44 | stop 744.02
2026-06-22 19:38:56,642 INFO MANAGING QQQ @ $736.24 | P&L $+1.48 | stop 744.02
2026-06-22 19:39:27,055 INFO MANAGING QQQ @ $736.22 | P&L $+1.52 | stop 744.02
2026-06-22 19:39:57,677 INFO MANAGING QQQ @ $736.16 | P&L $+1.64 | stop 744.02
2026-06-22 19:40:28,116 INFO MANAGING QQQ @ $736.14 | P&L $+1.68 | stop 744.02
2026-06-22 19:40:59,091 INFO MANAGING QQQ @ $736.17 | P&L $+1.62 | stop 744.02
2026-06-22 19:41:29,495 INFO MANAGING QQQ @ $736.36 | P&L $+1.24 | stop 744.02
2026-06-22 19:41:59,989 INFO MANAGING QQQ @ $736.13 | P&L $+1.70 | stop 744.02
2026-06-22 19:42:30,436 INFO MANAGING QQQ @ $735.94 | P&L $+2.08 | stop 744.02
2026-06-22 19:43:01,108 INFO MANAGING QQQ @ $735.86 | P&L $+2.25 | stop 744.02
2026-06-22 19:43:31,513 INFO MANAGING QQQ @ $736.03 | P&L $+1.90 | stop 744.02
2026-06-22 19:44:01,958 INFO MANAGING QQQ @ $735.89 | P&L $+2.18 | stop 744.02
2026-06-22 19:44:32,533 INFO MANAGING QQQ @ $735.74 | P&L $+2.48 | stop 744.02
2026-06-22 19:45:03,291 INFO MANAGING QQQ @ $735.90 | P&L $+2.16 | stop 744.02
2026-06-22 19:45:33,723 INFO MANAGING QQQ @ $735.86 | P&L $+2.24 | stop 744.02
2026-06-22 19:46:04,165 INFO MANAGING QQQ @ $735.84 | P&L $+2.28 | stop 744.02
2026-06-22 19:46:34,618 INFO MANAGING QQQ @ $736.16 | P&L $+1.64 | stop 744.02
2026-06-22 19:47:05,051 INFO MANAGING QQQ @ $736.18 | P&L $+1.60 | stop 744.02
2026-06-22 19:47:35,485 INFO MANAGING QQQ @ $736.34 | P&L $+1.29 | stop 744.02
2026-06-22 19:48:06,126 INFO MANAGING QQQ @ $736.32 | P&L $+1.31 | stop 744.02
2026-06-22 19:48:36,563 INFO MANAGING QQQ @ $736.21 | P&L $+1.54 | stop 744.02
2026-06-22 19:49:07,282 INFO MANAGING QQQ @ $736.27 | P&L $+1.42 | stop 744.02
2026-06-22 19:49:37,714 INFO MANAGING QQQ @ $736.30 | P&L $+1.35 | stop 744.02
2026-06-22 19:50:08,168 INFO MANAGING QQQ @ $736.53 | P&L $+0.90 | stop 744.02
2026-06-22 19:50:38,640 INFO MANAGING QQQ @ $737.10 | P&L $-0.24 | stop 744.02
2026-06-22 19:51:09,240 INFO MANAGING QQQ @ $737.39 | P&L $-0.82 | stop 744.02
2026-06-22 19:51:39,671 INFO MANAGING QQQ @ $737.63 | P&L $-1.30 | stop 744.02
2026-06-22 19:52:10,097 INFO MANAGING QQQ @ $737.69 | P&L $-1.42 | stop 744.02
2026-06-22 19:52:40,532 INFO MANAGING QQQ @ $737.62 | P&L $-1.28 | stop 744.02
2026-06-22 19:53:11,046 INFO MANAGING QQQ @ $737.60 | P&L $-1.24 | stop 744.02
2026-06-22 19:53:41,476 INFO MANAGING QQQ @ $737.52 | P&L $-1.08 | stop 744.02
2026-06-22 19:54:12,242 INFO MANAGING QQQ @ $737.60 | P&L $-1.24 | stop 744.02
2026-06-22 19:54:42,769 INFO MANAGING QQQ @ $737.25 | P&L $-0.53 | stop 744.02
2026-06-22 19:55:13,228 INFO MANAGING QQQ @ $737.59 | P&L $-1.22 | stop 744.02
2026-06-22 19:55:44,342 INFO MANAGING QQQ @ $737.77 | P&L $-1.58 | stop 744.02
2026-06-22 19:55:44,831 INFO CLOSED position: QQQ
2026-06-22 19:55:44,832 INFO EOD CLOSE QQQ @ $737.77 | P&L $-1.58
2026-06-22 19:55:44,833 INFO ORB loop exiting — done
2026-06-22 19:55:44,833 INFO ORB session loop ended
2026-06-22 20:50:59,864 INFO ORB session loop started
2026-06-22 20:51:00,156 INFO Market closed — no action.
2026-06-22 20:51:00,156 INFO ORB loop exiting — closed
2026-06-22 20:51:00,156 INFO ORB session loop ended
2026-06-23 16:09:53,625 INFO ORB session loop started
2026-06-23 16:09:54,045 INFO RVol 3.6x — qualifying
2026-06-23 16:09:54,243 ERROR Stop placement failed QQQ: {"buy_limit_price":"719.16","code":40310000,"existing_order_id":"8a26cc24-ad2b-4a76-850b-071102bf9b83","message":"potential wash trade detected. use complex orders","reject_reason":"buy order exists, 
2026-06-23 16:09:54,244 INFO BREAKOUT ORDER long QQQ x2 trigger=$717.01 | OR[713.28-717.01] | STOP FAILED
2026-06-23 16:19:57,376 INFO BREAKOUT FILLED QQQ @ $719.16 | stop $713.28
2026-06-23 16:20:27,783 INFO MANAGING QQQ @ $718.56 | P&L $-1.20 | stop 713.28
2026-06-23 16:20:57,899 INFO MANAGING QQQ @ $718.43 | P&L $-1.46 | stop 713.28
2026-06-23 16:21:28,061 INFO MANAGING QQQ @ $718.76 | P&L $-0.80 | stop 713.28
2026-06-23 16:21:58,344 INFO MANAGING QQQ @ $718.85 | P&L $-0.62 | stop 713.28
2026-06-23 16:22:28,460 INFO MANAGING QQQ @ $718.78 | P&L $-0.76 | stop 713.28
2026-06-23 16:22:58,757 INFO MANAGING QQQ @ $719.17 | P&L $+0.02 | stop 713.28
2026-06-23 16:23:28,902 INFO MANAGING QQQ @ $719.39 | P&L $+0.46 | stop 713.28
2026-06-23 16:23:59,023 INFO MANAGING QQQ @ $719.71 | P&L $+1.09 | stop 713.28
2026-06-23 16:24:29,167 INFO MANAGING QQQ @ $719.79 | P&L $+1.26 | stop 713.28
2026-06-23 16:24:59,267 INFO MANAGING QQQ @ $719.83 | P&L $+1.34 | stop 713.28
2026-06-23 16:25:29,377 INFO MANAGING QQQ @ $719.75 | P&L $+1.17 | stop 713.28
2026-06-23 16:25:59,509 INFO MANAGING QQQ @ $719.50 | P&L $+0.68 | stop 713.28
2026-06-23 16:26:29,678 INFO MANAGING QQQ @ $719.32 | P&L $+0.32 | stop 713.28
2026-06-23 16:27:00,121 INFO MANAGING QQQ @ $719.18 | P&L $+0.04 | stop 713.28
2026-06-23 16:27:30,222 INFO MANAGING QQQ @ $719.13 | P&L $-0.07 | stop 713.28
2026-06-23 16:28:00,401 INFO MANAGING QQQ @ $719.43 | P&L $+0.54 | stop 713.28
2026-06-23 16:28:30,512 INFO MANAGING QQQ @ $719.48 | P&L $+0.64 | stop 713.28
2026-06-23 16:29:00,678 INFO MANAGING QQQ @ $719.48 | P&L $+0.64 | stop 713.28
2026-06-23 16:29:30,786 INFO MANAGING QQQ @ $719.67 | P&L $+1.02 | stop 713.28
2026-06-23 16:30:01,982 INFO MANAGING QQQ @ $719.36 | P&L $+0.40 | stop 713.28
2026-06-23 16:30:32,123 INFO MANAGING QQQ @ $719.53 | P&L $+0.74 | stop 713.28
2026-06-23 16:31:02,256 INFO MANAGING QQQ @ $719.14 | P&L $-0.03 | stop 713.28
2026-06-23 16:31:32,364 INFO MANAGING QQQ @ $719.08 | P&L $-0.16 | stop 713.28
2026-06-23 16:32:02,765 INFO MANAGING QQQ @ $719.20 | P&L $+0.08 | stop 713.28
2026-06-23 16:32:32,869 INFO MANAGING QQQ @ $719.05 | P&L $-0.22 | stop 713.28
2026-06-23 16:33:03,014 INFO MANAGING QQQ @ $719.12 | P&L $-0.08 | stop 713.28
2026-06-23 16:33:33,380 INFO MANAGING QQQ @ $719.15 | P&L $-0.02 | stop 713.28
2026-06-23 16:34:03,514 INFO MANAGING QQQ @ $719.08 | P&L $-0.16 | stop 713.28
2026-06-23 16:34:33,627 INFO MANAGING QQQ @ $718.58 | P&L $-1.16 | stop 713.28
2026-06-23 16:35:03,838 INFO MANAGING QQQ @ $718.70 | P&L $-0.92 | stop 713.28
2026-06-23 16:35:33,964 INFO MANAGING QQQ @ $718.85 | P&L $-0.62 | stop 713.28
2026-06-23 16:36:08,281 INFO MANAGING QQQ @ $718.75 | P&L $-0.82 | stop 713.28
2026-06-23 16:36:38,679 INFO MANAGING QQQ @ $719.02 | P&L $-0.27 | stop 713.28
2026-06-23 16:37:08,810 INFO MANAGING QQQ @ $719.12 | P&L $-0.08 | stop 713.28
2026-06-23 16:37:38,926 INFO MANAGING QQQ @ $718.96 | P&L $-0.41 | stop 713.28
2026-06-23 16:38:09,056 INFO MANAGING QQQ @ $719.00 | P&L $-0.32 | stop 713.28
2026-06-23 16:38:39,156 INFO MANAGING QQQ @ $718.92 | P&L $-0.48 | stop 713.28
2026-06-23 16:39:09,277 INFO MANAGING QQQ @ $718.97 | P&L $-0.38 | stop 713.28
2026-06-23 16:39:39,384 INFO MANAGING QQQ @ $719.07 | P&L $-0.18 | stop 713.28
2026-06-23 16:40:09,541 INFO MANAGING QQQ @ $719.41 | P&L $+0.50 | stop 713.28
2026-06-23 16:40:39,799 INFO MANAGING QQQ @ $719.32 | P&L $+0.32 | stop 713.28
2026-06-23 16:41:09,919 INFO MANAGING QQQ @ $719.60 | P&L $+0.88 | stop 713.28
2026-06-23 16:41:40,036 INFO MANAGING QQQ @ $719.84 | P&L $+1.36 | stop 713.28
2026-06-23 16:42:10,161 INFO MANAGING QQQ @ $719.76 | P&L $+1.20 | stop 713.28
2026-06-23 16:42:40,425 INFO MANAGING QQQ @ $719.75 | P&L $+1.18 | stop 713.28
2026-06-23 16:43:10,832 INFO MANAGING QQQ @ $719.81 | P&L $+1.30 | stop 713.28
2026-06-23 16:43:40,992 INFO MANAGING QQQ @ $719.69 | P&L $+1.06 | stop 713.28
2026-06-23 16:44:11,112 INFO MANAGING QQQ @ $719.76 | P&L $+1.20 | stop 713.28
2026-06-23 16:44:41,224 INFO MANAGING QQQ @ $719.93 | P&L $+1.54 | stop 713.28
2026-06-23 16:45:11,519 INFO MANAGING QQQ @ $719.78 | P&L $+1.24 | stop 713.28
2026-06-23 16:45:41,678 INFO MANAGING QQQ @ $719.71 | P&L $+1.09 | stop 713.28
2026-06-23 16:46:11,802 INFO MANAGING QQQ @ $719.53 | P&L $+0.75 | stop 713.28
2026-06-23 16:46:41,914 INFO MANAGING QQQ @ $719.58 | P&L $+0.84 | stop 713.28
2026-06-23 16:47:12,033 INFO MANAGING QQQ @ $719.06 | P&L $-0.20 | stop 713.28
2026-06-23 16:47:42,150 INFO MANAGING QQQ @ $719.02 | P&L $-0.27 | stop 713.28
2026-06-23 16:48:12,466 INFO MANAGING QQQ @ $719.17 | P&L $+0.02 | stop 713.28
2026-06-23 16:48:42,569 INFO MANAGING QQQ @ $718.65 | P&L $-1.01 | stop 713.28
2026-06-23 16:49:13,009 INFO MANAGING QQQ @ $718.81 | P&L $-0.71 | stop 713.28
2026-06-23 16:49:43,124 INFO MANAGING QQQ @ $718.90 | P&L $-0.52 | stop 713.28
2026-06-23 16:50:13,267 INFO MANAGING QQQ @ $718.73 | P&L $-0.86 | stop 713.28
2026-06-23 16:50:43,369 INFO MANAGING QQQ @ $718.57 | P&L $-1.18 | stop 713.28
2026-06-23 16:51:13,475 INFO MANAGING QQQ @ $718.43 | P&L $-1.46 | stop 713.28
2026-06-23 16:51:43,603 INFO MANAGING QQQ @ $718.56 | P&L $-1.20 | stop 713.28
2026-06-23 16:52:13,711 INFO MANAGING QQQ @ $718.55 | P&L $-1.22 | stop 713.28
2026-06-23 16:52:43,822 INFO MANAGING QQQ @ $718.78 | P&L $-0.76 | stop 713.28
2026-06-23 16:53:14,157 INFO MANAGING QQQ @ $718.62 | P&L $-1.08 | stop 713.28
2026-06-23 16:53:44,355 INFO MANAGING QQQ @ $718.77 | P&L $-0.78 | stop 713.28
2026-06-23 16:54:14,685 INFO MANAGING QQQ @ $718.74 | P&L $-0.84 | stop 713.28
2026-06-23 16:54:44,796 INFO MANAGING QQQ @ $718.74 | P&L $-0.84 | stop 713.28
2026-06-23 16:55:14,936 INFO MANAGING QQQ @ $718.95 | P&L $-0.42 | stop 713.28
2026-06-23 16:55:45,059 INFO MANAGING QQQ @ $718.56 | P&L $-1.20 | stop 713.28
2026-06-23 16:56:15,582 INFO MANAGING QQQ @ $718.78 | P&L $-0.76 | stop 713.28
2026-06-23 16:56:45,680 INFO MANAGING QQQ @ $718.69 | P&L $-0.94 | stop 713.28
2026-06-23 16:57:15,827 INFO MANAGING QQQ @ $718.50 | P&L $-1.32 | stop 713.28
2026-06-23 16:57:46,037 INFO MANAGING QQQ @ $718.65 | P&L $-1.02 | stop 713.28
2026-06-23 16:58:16,156 INFO MANAGING QQQ @ $718.73 | P&L $-0.86 | stop 713.28
2026-06-23 16:58:46,270 INFO MANAGING QQQ @ $718.83 | P&L $-0.66 | stop 713.28
2026-06-23 16:59:16,382 INFO MANAGING QQQ @ $719.25 | P&L $+0.18 | stop 713.28
2026-06-23 16:59:46,516 INFO MANAGING QQQ @ $719.21 | P&L $+0.10 | stop 713.28
2026-06-23 17:00:16,919 INFO MANAGING QQQ @ $718.82 | P&L $-0.69 | stop 713.28
2026-06-23 17:00:47,253 INFO MANAGING QQQ @ $718.42 | P&L $-1.48 | stop 713.28
2026-06-23 17:01:17,360 INFO MANAGING QQQ @ $718.50 | P&L $-1.32 | stop 713.28
2026-06-23 17:01:47,509 INFO MANAGING QQQ @ $718.49 | P&L $-1.35 | stop 713.28
2026-06-23 17:02:17,623 INFO MANAGING QQQ @ $718.23 | P&L $-1.86 | stop 713.28
2026-06-23 17:02:47,741 INFO MANAGING QQQ @ $718.03 | P&L $-2.26 | stop 713.28
2026-06-23 17:03:17,851 INFO MANAGING QQQ @ $717.89 | P&L $-2.54 | stop 713.28
2026-06-23 17:03:47,954 INFO MANAGING QQQ @ $717.87 | P&L $-2.58 | stop 713.28
2026-06-23 17:04:18,209 INFO MANAGING QQQ @ $717.85 | P&L $-2.62 | stop 713.28
2026-06-23 17:04:48,330 INFO MANAGING QQQ @ $717.70 | P&L $-2.92 | stop 713.28
2026-06-23 17:05:18,475 INFO MANAGING QQQ @ $717.98 | P&L $-2.36 | stop 713.28
2026-06-23 17:05:48,576 INFO MANAGING QQQ @ $717.64 | P&L $-3.04 | stop 713.28
2026-06-23 17:06:18,785 INFO MANAGING QQQ @ $717.44 | P&L $-3.44 | stop 713.28
2026-06-23 17:06:48,895 INFO MANAGING QQQ @ $717.44 | P&L $-3.44 | stop 713.28
2026-06-23 17:07:19,026 INFO MANAGING QQQ @ $717.70 | P&L $-2.92 | stop 713.28
2026-06-23 17:07:49,232 INFO MANAGING QQQ @ $717.48 | P&L $-3.36 | stop 713.28
2026-06-23 17:08:19,331 INFO MANAGING QQQ @ $717.56 | P&L $-3.20 | stop 713.28
2026-06-23 17:08:49,450 INFO MANAGING QQQ @ $717.72 | P&L $-2.88 | stop 713.28
2026-06-23 17:09:19,734 INFO MANAGING QQQ @ $717.77 | P&L $-2.78 | stop 713.28
2026-06-23 17:09:49,842 INFO MANAGING QQQ @ $717.90 | P&L $-2.52 | stop 713.28
2026-06-23 17:10:19,949 INFO MANAGING QQQ @ $718.23 | P&L $-1.86 | stop 713.28
2026-06-23 17:10:50,052 INFO MANAGING QQQ @ $718.56 | P&L $-1.20 | stop 713.28
2026-06-23 17:11:20,162 INFO MANAGING QQQ @ $718.86 | P&L $-0.60 | stop 713.28
2026-06-23 17:11:50,273 INFO MANAGING QQQ @ $719.23 | P&L $+0.14 | stop 713.28
2026-06-23 17:12:20,456 INFO MANAGING QQQ @ $719.11 | P&L $-0.10 | stop 713.28
2026-06-23 17:12:50,575 INFO MANAGING QQQ @ $719.40 | P&L $+0.48 | stop 713.28
2026-06-23 17:13:20,740 INFO MANAGING QQQ @ $719.13 | P&L $-0.06 | stop 713.28
2026-06-23 17:13:51,261 INFO MANAGING QQQ @ $719.02 | P&L $-0.28 | stop 713.28
2026-06-23 17:14:21,382 INFO MANAGING QQQ @ $719.13 | P&L $-0.05 | stop 713.28
2026-06-23 17:14:51,627 INFO MANAGING QQQ @ $718.74 | P&L $-0.84 | stop 713.28
2026-06-23 17:15:21,758 INFO MANAGING QQQ @ $718.79 | P&L $-0.75 | stop 713.28
2026-06-23 17:15:51,994 INFO MANAGING QQQ @ $718.82 | P&L $-0.68 | stop 713.28
2026-06-23 17:16:22,126 INFO MANAGING QQQ @ $718.90 | P&L $-0.52 | stop 713.28
2026-06-23 17:16:52,243 INFO MANAGING QQQ @ $718.96 | P&L $-0.40 | stop 713.28
2026-06-23 17:17:22,491 INFO MANAGING QQQ @ $718.53 | P&L $-1.26 | stop 713.28
2026-06-23 17:17:52,652 INFO MANAGING QQQ @ $718.09 | P&L $-2.14 | stop 713.28
2026-06-23 17:18:22,771 INFO MANAGING QQQ @ $718.01 | P&L $-2.30 | stop 713.28
2026-06-23 17:18:53,331 INFO MANAGING QQQ @ $718.33 | P&L $-1.66 | stop 713.28
2026-06-23 17:19:23,449 INFO MANAGING QQQ @ $718.16 | P&L $-2.01 | stop 713.28
2026-06-23 17:19:53,551 INFO MANAGING QQQ @ $718.22 | P&L $-1.88 | stop 713.28
2026-06-23 17:20:23,685 INFO MANAGING QQQ @ $718.17 | P&L $-1.97 | stop 713.28
2026-06-23 17:20:53,976 INFO MANAGING QQQ @ $718.38 | P&L $-1.57 | stop 713.28
2026-06-23 17:21:24,226 INFO MANAGING QQQ @ $718.75 | P&L $-0.82 | stop 713.28
2026-06-23 17:21:54,344 INFO MANAGING QQQ @ $719.22 | P&L $+0.12 | stop 713.28
2026-06-23 17:22:24,460 INFO MANAGING QQQ @ $719.04 | P&L $-0.24 | stop 713.28
2026-06-23 17:22:54,607 INFO MANAGING QQQ @ $719.19 | P&L $+0.06 | stop 713.28
2026-06-23 17:23:24,722 INFO MANAGING QQQ @ $719.22 | P&L $+0.12 | stop 713.28
2026-06-23 17:23:54,839 INFO MANAGING QQQ @ $719.26 | P&L $+0.20 | stop 713.28
2026-06-23 17:24:24,951 INFO MANAGING QQQ @ $719.60 | P&L $+0.88 | stop 713.28
2026-06-23 17:24:55,073 INFO MANAGING QQQ @ $719.35 | P&L $+0.38 | stop 713.28
2026-06-23 17:25:25,548 INFO MANAGING QQQ @ $719.59 | P&L $+0.86 | stop 713.28
2026-06-23 17:25:55,662 INFO MANAGING QQQ @ $719.19 | P&L $+0.06 | stop 713.28
2026-06-23 17:26:25,924 INFO MANAGING QQQ @ $719.23 | P&L $+0.14 | stop 713.28
2026-06-23 17:26:56,057 INFO MANAGING QQQ @ $719.20 | P&L $+0.08 | stop 713.28
2026-06-23 17:27:26,315 INFO MANAGING QQQ @ $719.45 | P&L $+0.57 | stop 713.28
2026-06-23 17:27:56,431 INFO MANAGING QQQ @ $719.37 | P&L $+0.42 | stop 713.28
2026-06-23 17:28:26,625 INFO MANAGING QQQ @ $719.48 | P&L $+0.64 | stop 713.28
2026-06-23 17:28:56,749 INFO MANAGING QQQ @ $719.43 | P&L $+0.55 | stop 713.28
2026-06-23 17:29:26,902 INFO MANAGING QQQ @ $719.36 | P&L $+0.40 | stop 713.28
2026-06-23 17:29:57,258 INFO MANAGING QQQ @ $719.12 | P&L $-0.09 | stop 713.28
2026-06-23 17:30:27,363 INFO MANAGING QQQ @ $718.83 | P&L $-0.66 | stop 713.28
2026-06-23 17:30:57,487 INFO MANAGING QQQ @ $718.57 | P&L $-1.18 | stop 713.28
2026-06-23 17:31:27,629 INFO MANAGING QQQ @ $718.40 | P&L $-1.52 | stop 713.28
2026-06-23 17:31:57,734 INFO MANAGING QQQ @ $718.57 | P&L $-1.18 | stop 713.28
2026-06-23 17:32:27,869 INFO MANAGING QQQ @ $718.75 | P&L $-0.82 | stop 713.28
2026-06-23 17:32:57,972 INFO MANAGING QQQ @ $718.81 | P&L $-0.70 | stop 713.28
2026-06-23 17:33:28,117 INFO MANAGING QQQ @ $719.11 | P&L $-0.10 | stop 713.28
2026-06-23 17:33:58,637 INFO MANAGING QQQ @ $719.04 | P&L $-0.24 | stop 713.28
2026-06-23 17:34:28,760 INFO MANAGING QQQ @ $718.95 | P&L $-0.43 | stop 713.28
2026-06-23 17:34:59,007 INFO MANAGING QQQ @ $719.21 | P&L $+0.10 | stop 713.28
2026-06-23 17:35:29,134 INFO MANAGING QQQ @ $719.55 | P&L $+0.78 | stop 713.28
2026-06-23 17:35:59,237 INFO MANAGING QQQ @ $719.70 | P&L $+1.08 | stop 713.28
2026-06-23 17:36:29,392 INFO MANAGING QQQ @ $719.61 | P&L $+0.90 | stop 713.28
2026-06-23 17:36:59,521 INFO MANAGING QQQ @ $719.49 | P&L $+0.66 | stop 713.28
2026-06-23 17:37:29,675 INFO MANAGING QQQ @ $719.39 | P&L $+0.47 | stop 713.28
2026-06-23 17:38:00,081 INFO MANAGING QQQ @ $719.17 | P&L $+0.02 | stop 713.28
2026-06-23 17:38:30,247 INFO MANAGING QQQ @ $718.88 | P&L $-0.57 | stop 713.28
2026-06-23 17:39:00,675 INFO MANAGING QQQ @ $719.00 | P&L $-0.31 | stop 713.28
2026-06-23 17:39:30,802 INFO MANAGING QQQ @ $718.79 | P&L $-0.74 | stop 713.28
2026-06-23 17:40:01,389 INFO MANAGING QQQ @ $718.70 | P&L $-0.92 | stop 713.28
2026-06-23 17:40:31,503 INFO MANAGING QQQ @ $718.84 | P&L $-0.64 | stop 713.28
2026-06-23 17:41:02,061 INFO MANAGING QQQ @ $718.66 | P&L $-1.00 | stop 713.28
2026-06-23 17:41:32,487 INFO MANAGING QQQ @ $718.44 | P&L $-1.44 | stop 713.28
2026-06-23 17:42:02,847 INFO MANAGING QQQ @ $718.40 | P&L $-1.52 | stop 713.28
2026-06-23 17:42:32,971 INFO MANAGING QQQ @ $718.20 | P&L $-1.92 | stop 713.28
2026-06-23 17:43:03,088 INFO MANAGING QQQ @ $718.39 | P&L $-1.54 | stop 713.28
2026-06-23 17:43:33,228 INFO MANAGING QQQ @ $718.47 | P&L $-1.38 | stop 713.28
2026-06-23 17:44:03,401 INFO MANAGING QQQ @ $718.34 | P&L $-1.63 | stop 713.28
2026-06-23 17:44:33,522 INFO MANAGING QQQ @ $718.38 | P&L $-1.56 | stop 713.28
2026-06-23 17:45:03,875 INFO MANAGING QQQ @ $718.16 | P&L $-2.00 | stop 713.28
2026-06-23 17:45:34,181 INFO MANAGING QQQ @ $718.50 | P&L $-1.32 | stop 713.28
2026-06-23 17:46:04,357 INFO MANAGING QQQ @ $718.57 | P&L $-1.18 | stop 713.28
2026-06-23 17:46:34,765 INFO MANAGING QQQ @ $718.16 | P&L $-2.00 | stop 713.28
2026-06-23 17:47:05,409 INFO MANAGING QQQ @ $718.06 | P&L $-2.20 | stop 713.28
2026-06-23 17:47:35,539 INFO MANAGING QQQ @ $717.96 | P&L $-2.40 | stop 713.28
2026-06-23 17:48:05,648 INFO MANAGING QQQ @ $718.19 | P&L $-1.94 | stop 713.28
2026-06-23 17:48:35,775 INFO MANAGING QQQ @ $718.19 | P&L $-1.94 | stop 713.28
2026-06-23 17:49:05,959 INFO MANAGING QQQ @ $718.31 | P&L $-1.70 | stop 713.28
2026-06-23 17:49:36,438 INFO MANAGING QQQ @ $718.37 | P&L $-1.58 | stop 713.28
2026-06-23 17:50:06,714 INFO MANAGING QQQ @ $718.00 | P&L $-2.32 | stop 713.28
2026-06-23 17:50:37,019 INFO MANAGING QQQ @ $717.71 | P&L $-2.90 | stop 713.28
2026-06-23 17:51:07,155 INFO MANAGING QQQ @ $717.69 | P&L $-2.94 | stop 713.28
2026-06-23 17:51:37,266 INFO MANAGING QQQ @ $717.65 | P&L $-3.02 | stop 713.28
2026-06-23 17:52:07,385 INFO MANAGING QQQ @ $717.52 | P&L $-3.28 | stop 713.28
2026-06-23 17:52:37,497 INFO MANAGING QQQ @ $717.38 | P&L $-3.57 | stop 713.28
2026-06-23 17:53:07,703 INFO MANAGING QQQ @ $717.48 | P&L $-3.36 | stop 713.28
2026-06-23 17:53:37,804 INFO MANAGING QQQ @ $717.16 | P&L $-4.00 | stop 713.28
2026-06-23 17:54:07,905 INFO MANAGING QQQ @ $717.11 | P&L $-4.10 | stop 713.28
2026-06-23 17:54:38,022 INFO MANAGING QQQ @ $716.64 | P&L $-5.04 | stop 713.28
2026-06-23 17:55:08,159 INFO MANAGING QQQ @ $716.58 | P&L $-5.16 | stop 713.28
2026-06-23 17:55:38,268 INFO MANAGING QQQ @ $716.40 | P&L $-5.52 | stop 713.28
2026-06-23 17:56:08,394 INFO MANAGING QQQ @ $716.18 | P&L $-5.96 | stop 713.28
2026-06-23 17:56:38,558 INFO MANAGING QQQ @ $716.06 | P&L $-6.20 | stop 713.28
2026-06-23 17:57:08,679 INFO MANAGING QQQ @ $716.30 | P&L $-5.72 | stop 713.28
2026-06-23 17:57:38,803 INFO MANAGING QQQ @ $716.12 | P&L $-6.08 | stop 713.28
2026-06-23 17:58:08,925 INFO MANAGING QQQ @ $716.27 | P&L $-5.78 | stop 713.28
2026-06-23 17:58:39,091 INFO MANAGING QQQ @ $716.07 | P&L $-6.18 | stop 713.28
2026-06-23 17:59:09,197 INFO MANAGING QQQ @ $716.08 | P&L $-6.16 | stop 713.28
2026-06-23 17:59:39,326 INFO MANAGING QQQ @ $716.00 | P&L $-6.32 | stop 713.28
2026-06-23 18:00:09,449 INFO MANAGING QQQ @ $715.75 | P&L $-6.82 | stop 713.28
2026-06-23 18:00:39,744 INFO MANAGING QQQ @ $716.27 | P&L $-5.78 | stop 713.28
2026-06-23 18:01:10,107 INFO MANAGING QQQ @ $716.63 | P&L $-5.06 | stop 713.28
2026-06-23 18:01:40,221 INFO MANAGING QQQ @ $716.84 | P&L $-4.64 | stop 713.28
2026-06-23 18:02:10,339 INFO MANAGING QQQ @ $716.89 | P&L $-4.54 | stop 713.28
2026-06-23 18:02:40,823 INFO MANAGING QQQ @ $716.80 | P&L $-4.72 | stop 713.28
2026-06-23 18:03:11,156 INFO MANAGING QQQ @ $716.49 | P&L $-5.34 | stop 713.28
2026-06-23 18:03:41,569 INFO MANAGING QQQ @ $716.41 | P&L $-5.50 | stop 713.28
2026-06-23 18:04:11,865 INFO MANAGING QQQ @ $716.38 | P&L $-5.57 | stop 713.28
2026-06-23 18:04:42,000 INFO MANAGING QQQ @ $716.40 | P&L $-5.52 | stop 713.28
2026-06-23 18:05:12,157 INFO MANAGING QQQ @ $716.45 | P&L $-5.42 | stop 713.28
2026-06-23 18:05:42,277 INFO MANAGING QQQ @ $716.24 | P&L $-5.84 | stop 713.28
2026-06-23 18:06:12,413 INFO MANAGING QQQ @ $716.46 | P&L $-5.40 | stop 713.28
2026-06-23 18:06:42,539 INFO MANAGING QQQ @ $716.16 | P&L $-6.00 | stop 713.28
2026-06-23 18:07:12,791 INFO MANAGING QQQ @ $716.05 | P&L $-6.21 | stop 713.28
2026-06-23 18:07:42,908 INFO MANAGING QQQ @ $715.70 | P&L $-6.92 | stop 713.28
2026-06-23 18:08:13,025 INFO MANAGING QQQ @ $715.41 | P&L $-7.50 | stop 713.28
2026-06-23 18:08:43,384 INFO MANAGING QQQ @ $715.57 | P&L $-7.18 | stop 713.28
2026-06-23 18:09:13,490 INFO MANAGING QQQ @ $715.82 | P&L $-6.68 | stop 713.28
2026-06-23 18:09:43,603 INFO MANAGING QQQ @ $715.79 | P&L $-6.74 | stop 713.28
2026-06-23 18:10:13,739 INFO MANAGING QQQ @ $715.93 | P&L $-6.46 | stop 713.28
2026-06-23 18:10:43,860 INFO MANAGING QQQ @ $715.86 | P&L $-6.61 | stop 713.28
2026-06-23 18:11:14,016 INFO MANAGING QQQ @ $716.01 | P&L $-6.29 | stop 713.28
2026-06-23 18:11:44,157 INFO MANAGING QQQ @ $716.16 | P&L $-6.00 | stop 713.28
2026-06-23 18:12:14,264 INFO MANAGING QQQ @ $716.02 | P&L $-6.27 | stop 713.28
2026-06-23 18:12:44,402 INFO MANAGING QQQ @ $716.07 | P&L $-6.18 | stop 713.28
2026-06-23 18:13:14,982 INFO MANAGING QQQ @ $715.97 | P&L $-6.38 | stop 713.28
2026-06-23 18:13:45,095 INFO MANAGING QQQ @ $715.92 | P&L $-6.47 | stop 713.28
2026-06-23 18:14:15,244 INFO MANAGING QQQ @ $716.21 | P&L $-5.91 | stop 713.28
2026-06-23 18:14:45,411 INFO MANAGING QQQ @ $716.21 | P&L $-5.90 | stop 713.28
2026-06-23 18:15:15,613 INFO MANAGING QQQ @ $716.47 | P&L $-5.38 | stop 713.28
2026-06-23 18:15:45,749 INFO MANAGING QQQ @ $716.37 | P&L $-5.58 | stop 713.28
2026-06-23 18:16:16,148 INFO MANAGING QQQ @ $716.17 | P&L $-5.98 | stop 713.28
2026-06-23 18:16:46,278 INFO MANAGING QQQ @ $715.98 | P&L $-6.36 | stop 713.28
2026-06-23 18:17:16,388 INFO MANAGING QQQ @ $715.92 | P&L $-6.48 | stop 713.28
2026-06-23 18:17:46,819 INFO MANAGING QQQ @ $715.75 | P&L $-6.82 | stop 713.28
2026-06-23 18:18:17,259 INFO MANAGING QQQ @ $715.68 | P&L $-6.96 | stop 713.28
2026-06-23 18:18:47,494 INFO MANAGING QQQ @ $715.75 | P&L $-6.82 | stop 713.28
2026-06-23 18:19:17,636 INFO MANAGING QQQ @ $715.80 | P&L $-6.72 | stop 713.28
2026-06-23 18:19:48,171 INFO MANAGING QQQ @ $715.78 | P&L $-6.76 | stop 713.28
2026-06-23 18:20:18,428 INFO MANAGING QQQ @ $715.62 | P&L $-7.08 | stop 713.28
2026-06-23 18:20:48,675 INFO MANAGING QQQ @ $715.63 | P&L $-7.06 | stop 713.28
2026-06-23 18:21:18,816 INFO MANAGING QQQ @ $715.64 | P&L $-7.04 | stop 713.28
2026-06-23 18:21:48,966 INFO MANAGING QQQ @ $715.73 | P&L $-6.86 | stop 713.28
2026-06-23 18:22:19,081 INFO MANAGING QQQ @ $715.96 | P&L $-6.40 | stop 713.28
2026-06-23 18:22:49,665 INFO MANAGING QQQ @ $716.13 | P&L $-6.06 | stop 713.28
2026-06-23 18:23:19,791 INFO MANAGING QQQ @ $716.33 | P&L $-5.66 | stop 713.28
2026-06-23 18:23:49,924 INFO MANAGING QQQ @ $716.09 | P&L $-6.15 | stop 713.28
2026-06-23 18:24:20,052 INFO MANAGING QQQ @ $716.24 | P&L $-5.84 | stop 713.28
2026-06-23 18:24:50,265 INFO MANAGING QQQ @ $716.07 | P&L $-6.19 | stop 713.28
2026-06-23 18:25:20,383 INFO MANAGING QQQ @ $715.75 | P&L $-6.82 | stop 713.28
2026-06-23 18:25:50,511 INFO MANAGING QQQ @ $715.83 | P&L $-6.66 | stop 713.28
2026-06-23 18:26:20,646 INFO MANAGING QQQ @ $715.89 | P&L $-6.54 | stop 713.28
2026-06-23 18:26:51,054 INFO MANAGING QQQ @ $715.78 | P&L $-6.76 | stop 713.28
2026-06-23 18:27:21,174 INFO MANAGING QQQ @ $715.95 | P&L $-6.42 | stop 713.28
2026-06-23 18:27:51,302 INFO MANAGING QQQ @ $715.89 | P&L $-6.54 | stop 713.28
2026-06-23 18:28:21,556 INFO MANAGING QQQ @ $715.85 | P&L $-6.62 | stop 713.28
2026-06-23 18:28:51,678 INFO MANAGING QQQ @ $715.87 | P&L $-6.58 | stop 713.28
2026-06-23 18:29:21,783 INFO MANAGING QQQ @ $715.99 | P&L $-6.34 | stop 713.28
2026-06-23 18:29:51,896 INFO MANAGING QQQ @ $715.98 | P&L $-6.36 | stop 713.28
2026-06-23 18:30:22,076 INFO MANAGING QQQ @ $715.79 | P&L $-6.74 | stop 713.28
2026-06-23 18:30:52,462 INFO MANAGING QQQ @ $715.71 | P&L $-6.90 | stop 713.28
2026-06-23 18:31:22,576 INFO MANAGING QQQ @ $715.83 | P&L $-6.66 | stop 713.28
2026-06-23 18:31:52,915 INFO MANAGING QQQ @ $715.87 | P&L $-6.58 | stop 713.28
2026-06-23 18:32:23,027 INFO MANAGING QQQ @ $715.79 | P&L $-6.74 | stop 713.28
2026-06-23 18:32:53,236 INFO MANAGING QQQ @ $715.70 | P&L $-6.92 | stop 713.28
2026-06-23 18:33:23,352 INFO MANAGING QQQ @ $715.78 | P&L $-6.75 | stop 713.28
2026-06-23 18:33:53,477 INFO MANAGING QQQ @ $715.58 | P&L $-7.16 | stop 713.28
2026-06-23 18:34:23,584 INFO MANAGING QQQ @ $715.62 | P&L $-7.08 | stop 713.28
2026-06-23 18:34:53,703 INFO MANAGING QQQ @ $715.38 | P&L $-7.56 | stop 713.28
2026-06-23 18:35:23,847 INFO MANAGING QQQ @ $715.53 | P&L $-7.26 | stop 713.28
2026-06-23 18:35:53,967 INFO MANAGING QQQ @ $715.36 | P&L $-7.60 | stop 713.28
2026-06-23 18:36:24,117 INFO MANAGING QQQ @ $715.44 | P&L $-7.44 | stop 713.28
2026-06-23 18:36:54,437 INFO MANAGING QQQ @ $715.33 | P&L $-7.66 | stop 713.28
2026-06-23 18:37:24,764 INFO MANAGING QQQ @ $715.27 | P&L $-7.78 | stop 713.28
2026-06-23 18:37:54,881 INFO MANAGING QQQ @ $715.29 | P&L $-7.74 | stop 713.28
2026-06-23 18:38:24,988 INFO MANAGING QQQ @ $715.18 | P&L $-7.96 | stop 713.28
2026-06-23 18:38:55,106 INFO MANAGING QQQ @ $715.07 | P&L $-8.18 | stop 713.28
2026-06-23 18:39:25,365 INFO MANAGING QQQ @ $715.11 | P&L $-8.10 | stop 713.28
2026-06-23 18:39:55,472 INFO MANAGING QQQ @ $715.04 | P&L $-8.24 | stop 713.28
2026-06-23 18:40:25,598 INFO MANAGING QQQ @ $714.47 | P&L $-9.38 | stop 713.28
2026-06-23 18:40:55,716 INFO MANAGING QQQ @ $714.31 | P&L $-9.70 | stop 713.28
2026-06-23 18:41:25,844 INFO MANAGING QQQ @ $714.52 | P&L $-9.28 | stop 713.28
2026-06-23 18:41:55,967 INFO MANAGING QQQ @ $714.45 | P&L $-9.42 | stop 713.28
2026-06-23 18:42:26,086 INFO MANAGING QQQ @ $714.08 | P&L $-10.16 | stop 713.28
2026-06-23 18:42:56,222 INFO MANAGING QQQ @ $713.70 | P&L $-10.92 | stop 713.28
2026-06-23 18:43:26,342 INFO MANAGING QQQ @ $713.90 | P&L $-10.52 | stop 713.28
2026-06-23 18:43:56,455 INFO MANAGING QQQ @ $713.57 | P&L $-11.18 | stop 713.28
2026-06-23 18:44:26,589 INFO MANAGING QQQ @ $713.31 | P&L $-11.70 | stop 713.28
2026-06-23 18:44:56,693 INFO MANAGING QQQ @ $713.34 | P&L $-11.64 | stop 713.28
2026-06-23 18:45:26,806 INFO MANAGING QQQ @ $713.30 | P&L $-11.71 | stop 713.28
2026-06-23 18:45:56,905 INFO MANAGING QQQ @ $712.91 | P&L $-12.50 | stop 713.28
2026-06-23 18:46:27,015 INFO MANAGING QQQ @ $712.96 | P&L $-12.40 | stop 713.28
2026-06-23 18:46:57,130 INFO MANAGING QQQ @ $712.60 | P&L $-13.12 | stop 713.28
2026-06-23 18:47:27,438 INFO MANAGING QQQ @ $712.62 | P&L $-13.08 | stop 713.28
2026-06-23 18:47:57,583 INFO MANAGING QQQ @ $712.44 | P&L $-13.44 | stop 713.28
2026-06-23 18:48:27,800 INFO MANAGING QQQ @ $712.81 | P&L $-12.70 | stop 713.28
2026-06-23 18:48:57,934 INFO MANAGING QQQ @ $713.10 | P&L $-12.12 | stop 713.28
2026-06-23 18:49:28,063 INFO MANAGING QQQ @ $713.25 | P&L $-11.82 | stop 713.28
2026-06-23 18:49:58,172 INFO MANAGING QQQ @ $713.26 | P&L $-11.80 | stop 713.28
2026-06-23 18:50:28,420 INFO MANAGING QQQ @ $713.93 | P&L $-10.46 | stop 713.28
2026-06-23 18:50:58,532 INFO MANAGING QQQ @ $713.86 | P&L $-10.60 | stop 713.28
2026-06-23 18:51:28,648 INFO MANAGING QQQ @ $713.86 | P&L $-10.60 | stop 713.28
2026-06-23 18:51:59,027 INFO MANAGING QQQ @ $713.56 | P&L $-11.20 | stop 713.28
2026-06-23 18:52:29,530 INFO MANAGING QQQ @ $713.28 | P&L $-11.76 | stop 713.28
2026-06-23 18:52:59,968 INFO MANAGING QQQ @ $713.11 | P&L $-12.10 | stop 713.28
2026-06-23 18:53:30,353 INFO MANAGING QQQ @ $712.85 | P&L $-12.62 | stop 713.28
2026-06-23 18:54:00,730 INFO MANAGING QQQ @ $712.35 | P&L $-13.62 | stop 713.28
2026-06-23 18:54:30,863 INFO MANAGING QQQ @ $712.28 | P&L $-13.76 | stop 713.28
2026-06-23 18:55:01,358 INFO MANAGING QQQ @ $712.70 | P&L $-12.92 | stop 713.28
2026-06-23 18:55:31,493 INFO MANAGING QQQ @ $712.41 | P&L $-13.50 | stop 713.28
2026-06-23 18:56:01,674 INFO MANAGING QQQ @ $712.55 | P&L $-13.22 | stop 713.28
2026-06-23 18:56:31,801 INFO MANAGING QQQ @ $712.54 | P&L $-13.24 | stop 713.28
2026-06-23 18:57:01,932 INFO MANAGING QQQ @ $712.44 | P&L $-13.44 | stop 713.28
2026-06-23 18:57:32,204 INFO MANAGING QQQ @ $712.39 | P&L $-13.54 | stop 713.28
2026-06-23 18:58:02,586 INFO MANAGING QQQ @ $712.64 | P&L $-13.04 | stop 713.28
2026-06-23 18:58:32,702 INFO MANAGING QQQ @ $712.91 | P&L $-12.50 | stop 713.28
2026-06-23 18:59:02,812 INFO MANAGING QQQ @ $713.40 | P&L $-11.52 | stop 713.28
2026-06-23 18:59:33,127 INFO MANAGING QQQ @ $713.48 | P&L $-11.36 | stop 713.28
2026-06-23 19:00:04,354 INFO MANAGING QQQ @ $713.16 | P&L $-12.00 | stop 713.28
2026-06-23 19:00:34,468 INFO MANAGING QQQ @ $713.34 | P&L $-11.64 | stop 713.28
2026-06-23 19:01:04,588 INFO MANAGING QQQ @ $713.68 | P&L $-10.96 | stop 713.28
2026-06-23 19:01:34,734 INFO MANAGING QQQ @ $714.40 | P&L $-9.52 | stop 713.28
2026-06-23 19:02:04,915 INFO MANAGING QQQ @ $714.64 | P&L $-9.04 | stop 713.28
2026-06-23 19:02:35,019 INFO MANAGING QQQ @ $714.47 | P&L $-9.38 | stop 713.28
2026-06-23 19:03:05,136 INFO MANAGING QQQ @ $714.48 | P&L $-9.36 | stop 713.28
2026-06-23 19:03:35,505 INFO MANAGING QQQ @ $714.92 | P&L $-8.48 | stop 713.28
2026-06-23 19:04:05,898 INFO MANAGING QQQ @ $714.91 | P&L $-8.50 | stop 713.28
2026-06-23 19:04:36,281 INFO MANAGING QQQ @ $715.26 | P&L $-7.80 | stop 713.28
2026-06-23 19:05:06,414 INFO MANAGING QQQ @ $715.72 | P&L $-6.88 | stop 713.28
2026-06-23 19:05:36,769 INFO MANAGING QQQ @ $716.23 | P&L $-5.86 | stop 713.28
2026-06-23 19:06:06,878 INFO MANAGING QQQ @ $716.01 | P&L $-6.30 | stop 713.28
2026-06-23 19:06:36,994 INFO MANAGING QQQ @ $715.55 | P&L $-7.22 | stop 713.28
2026-06-23 19:07:07,114 INFO MANAGING QQQ @ $714.86 | P&L $-8.60 | stop 713.28
2026-06-23 19:07:37,234 INFO MANAGING QQQ @ $714.76 | P&L $-8.80 | stop 713.28
2026-06-23 19:08:07,356 INFO MANAGING QQQ @ $714.35 | P&L $-9.62 | stop 713.28
2026-06-23 19:08:38,209 INFO MANAGING QQQ @ $713.79 | P&L $-10.73 | stop 713.28
2026-06-23 19:09:08,329 INFO MANAGING QQQ @ $714.06 | P&L $-10.20 | stop 713.28
2026-06-23 19:09:38,636 INFO MANAGING QQQ @ $714.07 | P&L $-10.18 | stop 713.28
2026-06-23 19:10:08,757 INFO MANAGING QQQ @ $713.98 | P&L $-10.36 | stop 713.28
2026-06-23 19:10:38,865 INFO MANAGING QQQ @ $713.59 | P&L $-11.14 | stop 713.28
2026-06-23 19:11:08,969 INFO MANAGING QQQ @ $713.75 | P&L $-10.83 | stop 713.28
2026-06-23 19:11:39,111 INFO MANAGING QQQ @ $714.22 | P&L $-9.88 | stop 713.28
2026-06-23 19:12:09,222 INFO MANAGING QQQ @ $714.49 | P&L $-9.34 | stop 713.28
2026-06-23 19:12:39,357 INFO MANAGING QQQ @ $714.52 | P&L $-9.28 | stop 713.28
2026-06-23 19:13:09,667 INFO MANAGING QQQ @ $714.23 | P&L $-9.86 | stop 713.28
2026-06-23 19:13:39,786 INFO MANAGING QQQ @ $714.03 | P&L $-10.26 | stop 713.28
2026-06-23 19:14:09,903 INFO MANAGING QQQ @ $714.50 | P&L $-9.31 | stop 713.28
2026-06-23 19:14:40,020 INFO MANAGING QQQ @ $714.55 | P&L $-9.21 | stop 713.28
2026-06-23 19:15:10,349 INFO MANAGING QQQ @ $714.30 | P&L $-9.71 | stop 713.28
2026-06-23 19:15:40,706 INFO MANAGING QQQ @ $714.37 | P&L $-9.57 | stop 713.28
2026-06-23 19:16:11,045 INFO MANAGING QQQ @ $714.43 | P&L $-9.46 | stop 713.28
2026-06-23 19:16:41,155 INFO MANAGING QQQ @ $714.37 | P&L $-9.58 | stop 713.28
2026-06-23 19:17:11,266 INFO MANAGING QQQ @ $714.12 | P&L $-10.08 | stop 713.28
2026-06-23 19:17:41,373 INFO MANAGING QQQ @ $713.70 | P&L $-10.92 | stop 713.28
2026-06-23 19:18:11,507 INFO MANAGING QQQ @ $713.76 | P&L $-10.80 | stop 713.28
2026-06-23 19:18:41,628 INFO MANAGING QQQ @ $713.49 | P&L $-11.35 | stop 713.28
2026-06-23 19:19:11,753 INFO MANAGING QQQ @ $713.59 | P&L $-11.14 | stop 713.28
2026-06-23 19:19:42,048 INFO MANAGING QQQ @ $713.35 | P&L $-11.62 | stop 713.28
2026-06-23 19:20:12,378 INFO MANAGING QQQ @ $713.49 | P&L $-11.34 | stop 713.28
2026-06-23 19:20:42,476 INFO MANAGING QQQ @ $713.28 | P&L $-11.76 | stop 713.28
2026-06-23 19:21:12,582 INFO MANAGING QQQ @ $713.09 | P&L $-12.14 | stop 713.28
2026-06-23 19:21:43,079 INFO MANAGING QQQ @ $713.42 | P&L $-11.48 | stop 713.28
2026-06-23 19:22:13,509 INFO MANAGING QQQ @ $713.91 | P&L $-10.50 | stop 713.28
2026-06-23 19:22:43,614 INFO MANAGING QQQ @ $713.76 | P&L $-10.80 | stop 713.28
2026-06-23 19:23:13,781 INFO MANAGING QQQ @ $714.13 | P&L $-10.06 | stop 713.28
2026-06-23 19:23:44,117 INFO MANAGING QQQ @ $715.07 | P&L $-8.18 | stop 713.28
2026-06-23 19:24:14,434 INFO MANAGING QQQ @ $715.11 | P&L $-8.10 | stop 713.28
2026-06-23 19:24:44,547 INFO MANAGING QQQ @ $714.90 | P&L $-8.52 | stop 713.28
2026-06-23 19:25:14,669 INFO MANAGING QQQ @ $714.85 | P&L $-8.62 | stop 713.28
2026-06-23 19:25:44,774 INFO MANAGING QQQ @ $714.76 | P&L $-8.80 | stop 713.28
2026-06-23 19:26:14,877 INFO MANAGING QQQ @ $715.33 | P&L $-7.66 | stop 713.28
2026-06-23 19:26:45,055 INFO MANAGING QQQ @ $715.39 | P&L $-7.54 | stop 713.28
2026-06-23 19:27:15,357 INFO MANAGING QQQ @ $715.16 | P&L $-8.00 | stop 713.28
2026-06-23 19:27:45,491 INFO MANAGING QQQ @ $715.18 | P&L $-7.96 | stop 713.28
2026-06-23 19:28:15,602 INFO MANAGING QQQ @ $714.73 | P&L $-8.86 | stop 713.28
2026-06-23 19:28:45,715 INFO MANAGING QQQ @ $714.90 | P&L $-8.52 | stop 713.28
2026-06-23 19:29:15,827 INFO MANAGING QQQ @ $715.27 | P&L $-7.78 | stop 713.28
2026-06-23 19:29:45,960 INFO MANAGING QQQ @ $715.32 | P&L $-7.68 | stop 713.28
2026-06-23 19:30:16,088 INFO MANAGING QQQ @ $715.52 | P&L $-7.28 | stop 713.28
2026-06-23 19:30:46,209 INFO MANAGING QQQ @ $715.11 | P&L $-8.10 | stop 713.28
2026-06-23 19:31:16,555 INFO MANAGING QQQ @ $715.11 | P&L $-8.10 | stop 713.28
2026-06-23 19:31:46,668 INFO MANAGING QQQ @ $715.10 | P&L $-8.12 | stop 713.28
2026-06-23 19:32:16,791 INFO MANAGING QQQ @ $714.75 | P&L $-8.82 | stop 713.28
2026-06-23 19:32:46,897 INFO MANAGING QQQ @ $715.16 | P&L $-8.00 | stop 713.28
2026-06-23 19:33:17,007 INFO MANAGING QQQ @ $715.44 | P&L $-7.44 | stop 713.28
2026-06-23 19:33:47,121 INFO MANAGING QQQ @ $715.45 | P&L $-7.42 | stop 713.28
2026-06-23 19:34:17,239 INFO MANAGING QQQ @ $715.86 | P&L $-6.60 | stop 713.28
2026-06-23 19:34:47,337 INFO MANAGING QQQ @ $715.91 | P&L $-6.50 | stop 713.28
2026-06-23 19:35:17,437 INFO MANAGING QQQ @ $715.61 | P&L $-7.10 | stop 713.28
2026-06-23 19:35:47,577 INFO MANAGING QQQ @ $715.64 | P&L $-7.04 | stop 713.28
2026-06-23 19:36:17,695 INFO MANAGING QQQ @ $715.69 | P&L $-6.94 | stop 713.28
2026-06-23 19:36:47,811 INFO MANAGING QQQ @ $715.54 | P&L $-7.24 | stop 713.28
2026-06-23 19:37:17,924 INFO MANAGING QQQ @ $715.51 | P&L $-7.30 | stop 713.28
2026-06-23 19:37:48,040 INFO MANAGING QQQ @ $715.41 | P&L $-7.50 | stop 713.28
2026-06-23 19:38:18,150 INFO MANAGING QQQ @ $715.67 | P&L $-6.98 | stop 713.28
2026-06-23 19:38:48,286 INFO MANAGING QQQ @ $715.59 | P&L $-7.14 | stop 713.28
2026-06-23 19:39:18,415 INFO MANAGING QQQ @ $715.56 | P&L $-7.20 | stop 713.28
2026-06-23 19:39:48,533 INFO MANAGING QQQ @ $715.36 | P&L $-7.60 | stop 713.28
2026-06-23 19:40:18,641 INFO MANAGING QQQ @ $715.25 | P&L $-7.82 | stop 713.28
2026-06-23 19:40:48,750 INFO MANAGING QQQ @ $715.23 | P&L $-7.86 | stop 713.28
2026-06-23 19:41:18,869 INFO MANAGING QQQ @ $714.84 | P&L $-8.64 | stop 713.28
2026-06-23 19:41:48,972 INFO MANAGING QQQ @ $715.04 | P&L $-8.24 | stop 713.28
2026-06-23 19:42:19,104 INFO MANAGING QQQ @ $714.82 | P&L $-8.68 | stop 713.28
2026-06-23 19:42:49,234 INFO MANAGING QQQ @ $714.56 | P&L $-9.20 | stop 713.28
2026-06-23 19:43:19,334 INFO MANAGING QQQ @ $714.64 | P&L $-9.04 | stop 713.28
2026-06-23 19:43:49,436 INFO MANAGING QQQ @ $714.55 | P&L $-9.22 | stop 713.28
2026-06-23 19:44:19,539 INFO MANAGING QQQ @ $714.77 | P&L $-8.77 | stop 713.28
2026-06-23 19:44:49,658 INFO MANAGING QQQ @ $715.02 | P&L $-8.28 | stop 713.28
2026-06-23 19:45:19,763 INFO MANAGING QQQ @ $714.77 | P&L $-8.79 | stop 713.28
2026-06-23 19:45:50,116 INFO MANAGING QQQ @ $714.66 | P&L $-9.00 | stop 713.28
2026-06-23 19:46:20,240 INFO MANAGING QQQ @ $714.58 | P&L $-9.16 | stop 713.28
2026-06-23 19:46:50,466 INFO MANAGING QQQ @ $714.44 | P&L $-9.44 | stop 713.28
2026-06-23 19:47:20,589 INFO MANAGING QQQ @ $714.08 | P&L $-10.16 | stop 713.28
2026-06-23 19:47:50,714 INFO MANAGING QQQ @ $714.15 | P&L $-10.02 | stop 713.28
2026-06-23 19:48:20,858 INFO MANAGING QQQ @ $713.70 | P&L $-10.93 | stop 713.28
2026-06-23 19:48:50,980 INFO MANAGING QQQ @ $713.65 | P&L $-11.01 | stop 713.28
2026-06-23 19:49:21,119 INFO MANAGING QQQ @ $714.06 | P&L $-10.20 | stop 713.28
2026-06-23 19:49:51,239 INFO MANAGING QQQ @ $714.38 | P&L $-9.56 | stop 713.28
2026-06-23 19:50:21,611 INFO MANAGING QQQ @ $714.97 | P&L $-8.38 | stop 713.28
2026-06-23 19:50:51,756 INFO MANAGING QQQ @ $715.05 | P&L $-8.22 | stop 713.28
2026-06-23 19:51:22,051 INFO MANAGING QQQ @ $714.61 | P&L $-9.10 | stop 713.28
2026-06-23 19:51:52,163 INFO MANAGING QQQ @ $714.67 | P&L $-8.97 | stop 713.28
2026-06-23 19:52:22,738 INFO MANAGING QQQ @ $714.59 | P&L $-9.14 | stop 713.28
2026-06-23 19:52:52,997 INFO MANAGING QQQ @ $714.41 | P&L $-9.50 | stop 713.28
2026-06-23 19:53:23,133 INFO MANAGING QQQ @ $714.02 | P&L $-10.28 | stop 713.28
2026-06-23 19:53:53,553 INFO MANAGING QQQ @ $714.41 | P&L $-9.50 | stop 713.28
2026-06-23 19:54:23,658 INFO MANAGING QQQ @ $714.95 | P&L $-8.42 | stop 713.28
2026-06-23 19:54:53,960 INFO MANAGING QQQ @ $715.57 | P&L $-7.18 | stop 713.28
2026-06-23 19:55:24,311 INFO MANAGING QQQ @ $715.14 | P&L $-8.04 | stop 713.28
2026-06-23 19:55:24,360 INFO CLOSED position: QQQ
2026-06-23 19:55:24,361 INFO EOD CLOSE QQQ @ $715.14 | P&L $-8.04
2026-06-23 19:55:24,361 INFO ORB loop exiting — done
2026-06-23 19:55:24,361 INFO ORB session loop ended
